<html>
<body>
<pre>
<h1>µVision Build Log</h1>
<h2>Tool Versions:</h2>
IDE-Version: µVision V5.38.0.0
Copyright (C) 2022 ARM Ltd and ARM Germany GmbH. All rights reserved.
License Information: a a@gmail.com, a, LIC=8VRJ7-E7HUG-30ENC-71PFX-RL72B-7LCEJ
 
Tool Versions:
Toolchain:       MDK-ARM Plus  Version: 5.38.0.0
Toolchain Path:  C:\Keil_v5\ARM\ARMCLANG\Bin
C Compiler:      ArmClang.exe V6.19
Assembler:       Armasm.exe V6.19
Linker/Locator:  ArmLink.exe V6.19
Library Manager: ArmAr.exe V6.19
Hex Converter:   FromElf.exe V6.19
CPU DLL:         SARMCM3.DLL V5.38.0.0
Dialog DLL:      DCM.DLL V1.17.5.0
Target DLL:      UL2CM3.DLL V1.164.8.0
Dialog DLL:      TCM.DLL V1.56.4.0
 
<h2>Project:</h2>
D:\EmbeTronicX\Git_Repo\STM32\STM32F767ZI\Timer\General_Purpose_Timer\2.DelayUsingInterrupt\TimerWithInterrupt.uvprojx
Project File Date:  05/09/2023

<h2>Output:</h2>
*** Using Compiler 'V6.19', folder: 'C:\Keil_v5\ARM\ARMCLANG\Bin'
Rebuild target 'Target 1'
assembling startup_stm32f767xx.s...
compiling system_stm32f7xx.c...
main.c(16): warning: '_Bool' is a C99 extension [-Wc99-extensions]
static volatile bool led_on = 0;
                ^
C:\Keil_v5\ARM\ARMCLANG\Bin\..\include\stdbool.h(15): note: expanded from macro 'bool'
    #define bool _Bool
                 ^
main.c(27): warning: no previous prototype for function 'TIM3_IRQHandler' [-Wmissing-prototypes]
void TIM3_IRQHandler(void)
     ^
main.c(27): note: declare 'static' if the function is not intended to be used outside of this translation unit
void TIM3_IRQHandler(void)
^
static 
2 warnings generated.
compiling main.c...
linking...
Program Size: Code=840 RO-data=520 RW-data=0 ZI-data=1640  
FromELF: creating hex file...
".\Objects\TimerWithInterrupt.axf" - 0 Error(s), 2 Warning(s).

<h2>Software Packages used:</h2>

Package Vendor: ARM
                http://www.keil.com/pack/ARM.CMSIS.5.9.0.pack
                ARM.CMSIS.5.9.0
                CMSIS (Common Microcontroller Software Interface Standard)
   * Component: CORE Version: 5.6.0

Package Vendor: Keil
                https://www.keil.com/pack/Keil.STM32F7xx_DFP.2.15.1.pack
                Keil.STM32F7xx_DFP.2.15.1
                STMicroelectronics STM32F7 Series Device Support, Drivers and Examples
   * Component: Startup Version: 1.2.5

<h2>Collection of Component include folders:</h2>
  ./RTE/_Target_1
  C:/Users/info2/AppData/Local/Arm/Packs/ARM/CMSIS/5.9.0/CMSIS/Core/Include
  C:/Users/info2/AppData/Local/Arm/Packs/Keil/STM32F7xx_DFP/2.15.1/Drivers/CMSIS/Device/ST/STM32F7xx/Include

<h2>Collection of Component Files used:</h2>

   * Component: ARM::CMSIS:CORE:5.6.0

   * Component: Keil::Device:Startup:1.2.5
      Include file:  Drivers/CMSIS/Device/ST/STM32F7xx/Include/stm32f7xx.h
      Source file:   MDK/Device/Source/ARM/STM32F76x_77x_OPT.s
      Source file:   MDK/Device/Source/ARM/STM32F76x_77x_OTP.s
      Source file:   Drivers/CMSIS/Device/ST/STM32F7xx/Source/Templates/arm/startup_stm32f767xx.s
      Source file:   Drivers/CMSIS/Device/ST/STM32F7xx/Source/Templates/system_stm32f7xx.c
Build Time Elapsed:  00:00:00
</pre>
</body>
</html>
