Archive member included to satisfy reference by file (symbol)

C:/ST/STM32CubeIDE_1.12.1/STM32CubeIDE/plugins/com.st.stm32cube.ide.mcu.externaltools.gnu-tools-for-stm32.11.3.rel1.win32_1.1.100.202309141235/tools/bin/../lib/gcc/arm-none-eabi/11.3.1/../../../../arm-none-eabi/lib/thumb/v7e-m+dp/hard\libc_nano.a(libc_a-exit.o)
                              C:/ST/STM32CubeIDE_1.12.1/STM32CubeIDE/plugins/com.st.stm32cube.ide.mcu.externaltools.gnu-tools-for-stm32.11.3.rel1.win32_1.1.100.202309141235/tools/bin/../lib/gcc/arm-none-eabi/11.3.1/../../../../arm-none-eabi/lib/thumb/v7e-m+dp/hard/crt0.o (exit)
C:/ST/STM32CubeIDE_1.12.1/STM32CubeIDE/plugins/com.st.stm32cube.ide.mcu.externaltools.gnu-tools-for-stm32.11.3.rel1.win32_1.1.100.202309141235/tools/bin/../lib/gcc/arm-none-eabi/11.3.1/../../../../arm-none-eabi/lib/thumb/v7e-m+dp/hard\libc_nano.a(libc_a-malloc.o)
                              ./Middlewares/ST/STM32_USB_Device_Library/Class/MSC/Src/usbd_msc.o (malloc)
C:/ST/STM32CubeIDE_1.12.1/STM32CubeIDE/plugins/com.st.stm32cube.ide.mcu.externaltools.gnu-tools-for-stm32.11.3.rel1.win32_1.1.100.202309141235/tools/bin/../lib/gcc/arm-none-eabi/11.3.1/../../../../arm-none-eabi/lib/thumb/v7e-m+dp/hard\libc_nano.a(libc_a-mallocr.o)
                              C:/ST/STM32CubeIDE_1.12.1/STM32CubeIDE/plugins/com.st.stm32cube.ide.mcu.externaltools.gnu-tools-for-stm32.11.3.rel1.win32_1.1.100.202309141235/tools/bin/../lib/gcc/arm-none-eabi/11.3.1/../../../../arm-none-eabi/lib/thumb/v7e-m+dp/hard\libc_nano.a(libc_a-malloc.o) (_malloc_r)
C:/ST/STM32CubeIDE_1.12.1/STM32CubeIDE/plugins/com.st.stm32cube.ide.mcu.externaltools.gnu-tools-for-stm32.11.3.rel1.win32_1.1.100.202309141235/tools/bin/../lib/gcc/arm-none-eabi/11.3.1/../../../../arm-none-eabi/lib/thumb/v7e-m+dp/hard\libc_nano.a(libc_a-mlock.o)
                              C:/ST/STM32CubeIDE_1.12.1/STM32CubeIDE/plugins/com.st.stm32cube.ide.mcu.externaltools.gnu-tools-for-stm32.11.3.rel1.win32_1.1.100.202309141235/tools/bin/../lib/gcc/arm-none-eabi/11.3.1/../../../../arm-none-eabi/lib/thumb/v7e-m+dp/hard\libc_nano.a(libc_a-mallocr.o) (__malloc_lock)
C:/ST/STM32CubeIDE_1.12.1/STM32CubeIDE/plugins/com.st.stm32cube.ide.mcu.externaltools.gnu-tools-for-stm32.11.3.rel1.win32_1.1.100.202309141235/tools/bin/../lib/gcc/arm-none-eabi/11.3.1/../../../../arm-none-eabi/lib/thumb/v7e-m+dp/hard\libc_nano.a(libc_a-findfp.o)
                              C:/ST/STM32CubeIDE_1.12.1/STM32CubeIDE/plugins/com.st.stm32cube.ide.mcu.externaltools.gnu-tools-for-stm32.11.3.rel1.win32_1.1.100.202309141235/tools/bin/../lib/gcc/arm-none-eabi/11.3.1/../../../../arm-none-eabi/lib/thumb/v7e-m+dp/hard\libc_nano.a(libc_a-exit.o) (__stdio_exit_handler)
C:/ST/STM32CubeIDE_1.12.1/STM32CubeIDE/plugins/com.st.stm32cube.ide.mcu.externaltools.gnu-tools-for-stm32.11.3.rel1.win32_1.1.100.202309141235/tools/bin/../lib/gcc/arm-none-eabi/11.3.1/../../../../arm-none-eabi/lib/thumb/v7e-m+dp/hard\libc_nano.a(libc_a-fwalk.o)
                              C:/ST/STM32CubeIDE_1.12.1/STM32CubeIDE/plugins/com.st.stm32cube.ide.mcu.externaltools.gnu-tools-for-stm32.11.3.rel1.win32_1.1.100.202309141235/tools/bin/../lib/gcc/arm-none-eabi/11.3.1/../../../../arm-none-eabi/lib/thumb/v7e-m+dp/hard\libc_nano.a(libc_a-findfp.o) (_fwalk_sglue)
C:/ST/STM32CubeIDE_1.12.1/STM32CubeIDE/plugins/com.st.stm32cube.ide.mcu.externaltools.gnu-tools-for-stm32.11.3.rel1.win32_1.1.100.202309141235/tools/bin/../lib/gcc/arm-none-eabi/11.3.1/../../../../arm-none-eabi/lib/thumb/v7e-m+dp/hard\libc_nano.a(libc_a-stdio.o)
                              C:/ST/STM32CubeIDE_1.12.1/STM32CubeIDE/plugins/com.st.stm32cube.ide.mcu.externaltools.gnu-tools-for-stm32.11.3.rel1.win32_1.1.100.202309141235/tools/bin/../lib/gcc/arm-none-eabi/11.3.1/../../../../arm-none-eabi/lib/thumb/v7e-m+dp/hard\libc_nano.a(libc_a-findfp.o) (__sread)
C:/ST/STM32CubeIDE_1.12.1/STM32CubeIDE/plugins/com.st.stm32cube.ide.mcu.externaltools.gnu-tools-for-stm32.11.3.rel1.win32_1.1.100.202309141235/tools/bin/../lib/gcc/arm-none-eabi/11.3.1/../../../../arm-none-eabi/lib/thumb/v7e-m+dp/hard\libc_nano.a(libc_a-memset.o)
                              C:/ST/STM32CubeIDE_1.12.1/STM32CubeIDE/plugins/com.st.stm32cube.ide.mcu.externaltools.gnu-tools-for-stm32.11.3.rel1.win32_1.1.100.202309141235/tools/bin/../lib/gcc/arm-none-eabi/11.3.1/../../../../arm-none-eabi/lib/thumb/v7e-m+dp/hard/crt0.o (memset)
C:/ST/STM32CubeIDE_1.12.1/STM32CubeIDE/plugins/com.st.stm32cube.ide.mcu.externaltools.gnu-tools-for-stm32.11.3.rel1.win32_1.1.100.202309141235/tools/bin/../lib/gcc/arm-none-eabi/11.3.1/../../../../arm-none-eabi/lib/thumb/v7e-m+dp/hard\libc_nano.a(libc_a-closer.o)
                              C:/ST/STM32CubeIDE_1.12.1/STM32CubeIDE/plugins/com.st.stm32cube.ide.mcu.externaltools.gnu-tools-for-stm32.11.3.rel1.win32_1.1.100.202309141235/tools/bin/../lib/gcc/arm-none-eabi/11.3.1/../../../../arm-none-eabi/lib/thumb/v7e-m+dp/hard\libc_nano.a(libc_a-stdio.o) (_close_r)
[...]
Memory Configuration

Name             Origin             Length             Attributes
RAM              0x0000000020000000 0x0000000000080000 xrw
FLASH            0x0000000008000000 0x0000000000200000 xr
*default*        0x0000000000000000 0xffffffffffffffff

Linker script and memory map

LOAD C:/ST/STM32CubeIDE_1.12.1/STM32CubeIDE/plugins/com.st.stm32cube.ide.mcu.externaltools.gnu-tools-for-stm32.11.3.rel1.win32_1.1.100.202309141235/tools/bin/../lib/gcc/arm-none-eabi/11.3.1/thumb/v7e-m+dp/hard/crti.o
LOAD C:/ST/STM32CubeIDE_1.12.1/STM32CubeIDE/plugins/com.st.stm32cube.ide.mcu.externaltools.gnu-tools-for-stm32.11.3.rel1.win32_1.1.100.202309141235/tools/bin/../lib/gcc/arm-none-eabi/11.3.1/thumb/v7e-m+dp/hard/crtbegin.o
LOAD C:/ST/STM32CubeIDE_1.12.1/STM32CubeIDE/plugins/com.st.stm32cube.ide.mcu.externaltools.gnu-tools-for-stm32.11.3.rel1.win32_1.1.100.202309141235/tools/bin/../lib/gcc/arm-none-eabi/11.3.1/../../../../arm-none-eabi/lib/thumb/v7e-m+dp/hard/crt0.o
LOAD ./Core/Src/main.o
LOAD ./Core/Src/stm32f7xx_hal_msp.o
LOAD ./Core/Src/stm32f7xx_it.o
LOAD ./Core/Src/syscalls.o
LOAD ./Core/Src/sysmem.o
LOAD ./Core/Src/system_stm32f7xx.o
LOAD ./Core/Startup/startup_stm32f767zitx.o
LOAD ./Drivers/STM32F7xx_HAL_Driver/Src/stm32f7xx_hal.o
LOAD ./Drivers/STM32F7xx_HAL_Driver/Src/stm32f7xx_hal_cortex.o
LOAD ./Drivers/STM32F7xx_HAL_Driver/Src/stm32f7xx_hal_dma.o
LOAD ./Drivers/STM32F7xx_HAL_Driver/Src/stm32f7xx_hal_dma_ex.o
LOAD ./Drivers/STM32F7xx_HAL_Driver/Src/stm32f7xx_hal_exti.o
LOAD ./Drivers/STM32F7xx_HAL_Driver/Src/stm32f7xx_hal_flash.o
LOAD ./Drivers/STM32F7xx_HAL_Driver/Src/stm32f7xx_hal_flash_ex.o
LOAD ./Drivers/STM32F7xx_HAL_Driver/Src/stm32f7xx_hal_gpio.o
LOAD ./Drivers/STM32F7xx_HAL_Driver/Src/stm32f7xx_hal_i2c.o
LOAD ./Drivers/STM32F7xx_HAL_Driver/Src/stm32f7xx_hal_i2c_ex.o
LOAD ./Drivers/STM32F7xx_HAL_Driver/Src/stm32f7xx_hal_pcd.o
LOAD ./Drivers/STM32F7xx_HAL_Driver/Src/stm32f7xx_hal_pcd_ex.o
LOAD ./Drivers/STM32F7xx_HAL_Driver/Src/stm32f7xx_hal_pwr.o
LOAD ./Drivers/STM32F7xx_HAL_Driver/Src/stm32f7xx_hal_pwr_ex.o
LOAD ./Drivers/STM32F7xx_HAL_Driver/Src/stm32f7xx_hal_rcc.o
LOAD ./Drivers/STM32F7xx_HAL_Driver/Src/stm32f7xx_hal_rcc_ex.o
LOAD ./Drivers/STM32F7xx_HAL_Driver/Src/stm32f7xx_hal_tim.o
LOAD ./Drivers/STM32F7xx_HAL_Driver/Src/stm32f7xx_hal_tim_ex.o
LOAD ./Drivers/STM32F7xx_HAL_Driver/Src/stm32f7xx_ll_usb.o
LOAD ./Middlewares/ST/STM32_USB_Device_Library/Class/MSC/Src/usbd_msc.o
LOAD ./Middlewares/ST/STM32_USB_Device_Library/Class/MSC/Src/usbd_msc_bot.o
LOAD ./Middlewares/ST/STM32_USB_Device_Library/Class/MSC/Src/usbd_msc_data.o
LOAD ./Middlewares/ST/STM32_USB_Device_Library/Class/MSC/Src/usbd_msc_scsi.o
LOAD ./Middlewares/ST/STM32_USB_Device_Library/Core/Src/usbd_core.o
LOAD ./Middlewares/ST/STM32_USB_Device_Library/Core/Src/usbd_ctlreq.o
LOAD ./Middlewares/ST/STM32_USB_Device_Library/Core/Src/usbd_ioreq.o
LOAD ./USB_DEVICE/App/usb_device.o
LOAD ./USB_DEVICE/App/usbd_desc.o
LOAD ./USB_DEVICE/App/usbd_storage_if.o
LOAD ./USB_DEVICE/Target/usbd_conf.o
START GROUP
LOAD C:/ST/STM32CubeIDE_1.12.1/STM32CubeIDE/plugins/com.st.stm32cube.ide.mcu.externaltools.gnu-tools-for-stm32.11.3.rel1.win32_1.1.100.202309141235/tools/bin/../lib/gcc/arm-none-eabi/11.3.1/../../../../arm-none-eabi/lib/thumb/v7e-m+dp/hard\libc_nano.a
LOAD C:/ST/STM32CubeIDE_1.12.1/STM32CubeIDE/plugins/com.st.stm32cube.ide.mcu.externaltools.gnu-tools-for-stm32.11.3.rel1.win32_1.1.100.202309141235/tools/bin/../lib/gcc/arm-none-eabi/11.3.1/../../../../arm-none-eabi/lib/thumb/v7e-m+dp/hard\libm.a
END GROUP
START GROUP
LOAD C:/ST/STM32CubeIDE_1.12.1/STM32CubeIDE/plugins/com.st.stm32cube.ide.mcu.externaltools.gnu-tools-for-stm32.11.3.rel1.win32_1.1.100.202309141235/tools/bin/../lib/gcc/arm-none-eabi/11.3.1/thumb/v7e-m+dp/hard\libgcc.a
LOAD C:/ST/STM32CubeIDE_1.12.1/STM32CubeIDE/plugins/com.st.stm32cube.ide.mcu.externaltools.gnu-tools-for-stm32.11.3.rel1.win32_1.1.100.202309141235/tools/bin/../lib/gcc/arm-none-eabi/11.3.1/../../../../arm-none-eabi/lib/thumb/v7e-m+dp/hard\libc_nano.a
END GROUP
START GROUP
LOAD C:/ST/STM32CubeIDE_1.12.1/STM32CubeIDE/plugins/com.st.stm32cube.ide.mcu.externaltools.gnu-tools-for-stm32.11.3.rel1.win32_1.1.100.202309141235/tools/bin/../lib/gcc/arm-none-eabi/11.3.1/thumb/v7e-m+dp/hard\libgcc.a
LOAD C:/ST/STM32CubeIDE_1.12.1/STM32CubeIDE/plugins/com.st.stm32cube.ide.mcu.externaltools.gnu-tools-for-stm32.11.3.rel1.win32_1.1.100.202309141235/tools/bin/../lib/gcc/arm-none-eabi/11.3.1/../../../../arm-none-eabi/lib/thumb/v7e-m+dp/hard\libc_nano.a
LOAD C:/ST/STM32CubeIDE_1.12.1/STM32CubeIDE/plugins/com.st.stm32cube.ide.mcu.externaltools.gnu-tools-for-stm32.11.3.rel1.win32_1.1.100.202309141235/tools/bin/../lib/gcc/arm-none-eabi/11.3.1/../../../../arm-none-eabi/lib/thumb/v7e-m+dp/hard\libnosys.a
END GROUP
START GROUP
LOAD C:/ST/STM32CubeIDE_1.12.1/STM32CubeIDE/plugins/com.st.stm32cube.ide.mcu.externaltools.gnu-tools-for-stm32.11.3.rel1.win32_1.1.100.202309141235/tools/bin/../lib/gcc/arm-none-eabi/11.3.1/thumb/v7e-m+dp/hard\libgcc.a
LOAD C:/ST/STM32CubeIDE_1.12.1/STM32CubeIDE/plugins/com.st.stm32cube.ide.mcu.externaltools.gnu-tools-for-stm32.11.3.rel1.win32_1.1.100.202309141235/tools/bin/../lib/gcc/arm-none-eabi/11.3.1/../../../../arm-none-eabi/lib/thumb/v7e-m+dp/hard\libc_nano.a
LOAD C:/ST/STM32CubeIDE_1.12.1/STM32CubeIDE/plugins/com.st.stm32cube.ide.mcu.externaltools.gnu-tools-for-stm32.11.3.rel1.win32_1.1.100.202309141235/tools/bin/../lib/gcc/arm-none-eabi/11.3.1/../../../../arm-none-eabi/lib/thumb/v7e-m+dp/hard\libnosys.a
END GROUP
LOAD C:/ST/STM32CubeIDE_1.12.1/STM32CubeIDE/plugins/com.st.stm32cube.ide.mcu.externaltools.gnu-tools-for-stm32.11.3.rel1.win32_1.1.100.202309141235/tools/bin/../lib/gcc/arm-none-eabi/11.3.1/thumb/v7e-m+dp/hard/crtend.o
LOAD C:/ST/STM32CubeIDE_1.12.1/STM32CubeIDE/plugins/com.st.stm32cube.ide.mcu.externaltools.gnu-tools-for-stm32.11.3.rel1.win32_1.1.100.202309141235/tools/bin/../lib/gcc/arm-none-eabi/11.3.1/thumb/v7e-m+dp/hard/crtn.o
                0x0000000020080000                _estack = (ORIGIN (RAM) + LENGTH (RAM))
                0x0000000000000200                _Min_Heap_Size = 0x200
                0x0000000000000400                _Min_Stack_Size = 0x400

.isr_vector     0x0000000008000000      0x1f8
                0x0000000008000000                . = ALIGN (0x4)
 *(.isr_vector)
 .isr_vector    0x0000000008000000      0x1f8 ./Core/Startup/startup_stm32f767zitx.o
                0x0000000008000000                g_pfnVectors
                0x00000000080001f8                . = ALIGN (0x4)

.usb_data       0x0000000020000000    0x32000
 *(.keep.usb_data)
 .usb_data      0x0000000020000000    0x32000 ./USB_DEVICE/App/usbd_storage_if.o
                0x0000000020000000                etx_buffer

.text           0x00000000080001f8     0x9180
                0x00000000080001f8                . = ALIGN (0x4)
 *(.text)
 .text          0x00000000080001f8       0x40 C:/ST/STM32CubeIDE_1.12.1/STM32CubeIDE/plugins/com.st.stm32cube.ide.mcu.externaltools.gnu-tools-for-stm32.11.3.rel1.win32_1.1.100.202309141235/tools/bin/../lib/gcc/arm-none-eabi/11.3.1/thumb/v7e-m+dp/hard/crtbegin.o
 .text          0x0000000008000238       0x30 C:/ST/STM32CubeIDE_1.12.1/STM32CubeIDE/plugins/com.st.stm32cube.ide.mcu.externaltools.gnu-tools-for-stm32.11.3.rel1.win32_1.1.100.202309141235/tools/bin/../lib/gcc/arm-none-eabi/11.3.1/thumb/v7e-m+dp/hard\libgcc.a(_aeabi_uldivmod.o)
                0x0000000008000238                __aeabi_uldivmod
 .text          0x0000000008000268      0x2c8 C:/ST/STM32CubeIDE_1.12.1/STM32CubeIDE/plugins/com.st.stm32cube.ide.mcu.externaltools.gnu-tools-for-stm32.11.3.rel1.win32_1.1.100.202309141235/tools/bin/../lib/gcc/arm-none-eabi/11.3.1/thumb/v7e-m+dp/hard\libgcc.a(_udivmoddi4.o)
                0x0000000008000268                __udivmoddi4
 .text          0x0000000008000530        0x4 C:/ST/STM32CubeIDE_1.12.1/STM32CubeIDE/plugins/com.st.stm32cube.ide.mcu.externaltools.gnu-tools-for-stm32.11.3.rel1.win32_1.1.100.202309141235/tools/bin/../lib/gcc/arm-none-eabi/11.3.1/thumb/v7e-m+dp/hard\libgcc.a(_dvmd_tls.o)
                0x0000000008000530                __aeabi_idiv0
                0x0000000008000530                __aeabi_ldiv0
 *(.text*)
 .text.main     0x0000000008000534       0x1a ./Core/Src/main.o
                0x0000000008000534                main
 *fill*         0x000000000800054e        0x2 
 .text.SystemClock_Config
                0x0000000008000550       0xdc ./Core/Src/main.o
                0x0000000008000550                SystemClock_Config
 .text.MX_GPIO_Init
                0x000000000800062c       0x48 ./Core/Src/main.o
 .text.MPU_Config
                0x0000000008000674       0x58 ./Core/Src/main.o
 .text.Error_Handler
                0x00000000080006cc        0xa ./Core/Src/main.o
                0x00000000080006cc                Error_Handler
 *fill*         0x00000000080006d6        0x2 
 .text.HAL_MspInit
                0x00000000080006d8       0x48 ./Core/Src/stm32f7xx_hal_msp.o
                0x00000000080006d8                HAL_MspInit
 .text.NMI_Handler
                0x0000000008000720        0x6 ./Core/Src/stm32f7xx_it.o
                0x0000000008000720                NMI_Handler
 .text.HardFault_Handler
                0x0000000008000726        0x6 ./Core/Src/stm32f7xx_it.o
                0x0000000008000726                HardFault_Handler
 .text.MemManage_Handler
                0x000000000800072c        0x6 ./Core/Src/stm32f7xx_it.o
                0x000000000800072c                MemManage_Handler
 .text.BusFault_Handler
                0x0000000008000732        0x6 ./Core/Src/stm32f7xx_it.o
                0x0000000008000732                BusFault_Handler
 .text.UsageFault_Handler
                0x0000000008000738        0x6 ./Core/Src/stm32f7xx_it.o
                0x0000000008000738                UsageFault_Handler
 .text.SVC_Handler
                0x000000000800073e        0xe ./Core/Src/stm32f7xx_it.o
                0x000000000800073e                SVC_Handler
 .text.DebugMon_Handler
                0x000000000800074c        0xe ./Core/Src/stm32f7xx_it.o
                0x000000000800074c                DebugMon_Handler
 .text.PendSV_Handler
                0x000000000800075a        0xe ./Core/Src/stm32f7xx_it.o
                0x000000000800075a                PendSV_Handler
 .text.SysTick_Handler
                0x0000000008000768        0xc ./Core/Src/stm32f7xx_it.o
                0x0000000008000768                SysTick_Handler
 .text.OTG_FS_IRQHandler
                0x0000000008000774       0x14 ./Core/Src/stm32f7xx_it.o
                0x0000000008000774                OTG_FS_IRQHandler
 .text._sbrk    0x0000000008000788       0x6c ./Core/Src/sysmem.o
                0x0000000008000788                _sbrk
 .text.SystemInit
                0x00000000080007f4       0x24 ./Core/Src/system_stm32f7xx.o
                0x00000000080007f4                SystemInit
 .text.Reset_Handler
                0x0000000008000818       0x50 ./Core/Startup/startup_stm32f767zitx.o
                0x0000000008000818                Reset_Handler
 .text.Default_Handler
                0x0000000008000868        0x2 ./Core/Startup/startup_stm32f767zitx.o
                0x0000000008000868                RTC_Alarm_IRQHandler
                0x0000000008000868                EXTI2_IRQHandler
                0x0000000008000868                TIM8_CC_IRQHandler
                0x0000000008000868                UART8_IRQHandler
                0x0000000008000868                SPI4_IRQHandler
                0x0000000008000868                TIM1_CC_IRQHandler
                0x0000000008000868                DMA2_Stream5_IRQHandler
                0x0000000008000868                JPEG_IRQHandler
                0x0000000008000868                DMA1_Stream5_IRQHandler
                0x0000000008000868                CAN3_RX1_IRQHandler
                0x0000000008000868                PVD_IRQHandler
                0x0000000008000868                TAMP_STAMP_IRQHandler
                0x0000000008000868                CAN2_RX1_IRQHandler
                0x0000000008000868                EXTI3_IRQHandler
                0x0000000008000868                TIM8_TRG_COM_TIM14_IRQHandler
                0x0000000008000868                DFSDM1_FLT1_IRQHandler
                0x0000000008000868                TIM1_UP_TIM10_IRQHandler
                0x0000000008000868                TIM8_UP_TIM13_IRQHandler
                0x0000000008000868                I2C3_ER_IRQHandler
                0x0000000008000868                DFSDM1_FLT2_IRQHandler
                0x0000000008000868                EXTI0_IRQHandler
                0x0000000008000868                I2C2_EV_IRQHandler
                0x0000000008000868                DMA1_Stream2_IRQHandler
                0x0000000008000868                CAN1_RX0_IRQHandler
                0x0000000008000868                FPU_IRQHandler
                0x0000000008000868                OTG_HS_WKUP_IRQHandler
                0x0000000008000868                CAN3_SCE_IRQHandler
                0x0000000008000868                LTDC_ER_IRQHandler
                0x0000000008000868                CAN2_SCE_IRQHandler
                0x0000000008000868                DMA2_Stream2_IRQHandler
                0x0000000008000868                SPI1_IRQHandler
                0x0000000008000868                TIM6_DAC_IRQHandler
                0x0000000008000868                TIM1_BRK_TIM9_IRQHandler
                0x0000000008000868                DCMI_IRQHandler
                0x0000000008000868                CAN2_RX0_IRQHandler
                0x0000000008000868                DMA2_Stream3_IRQHandler
                0x0000000008000868                SAI2_IRQHandler
                0x0000000008000868                DFSDM1_FLT3_IRQHandler
                0x0000000008000868                USART6_IRQHandler
                0x0000000008000868                CAN3_RX0_IRQHandler
                0x0000000008000868                USART3_IRQHandler
                0x0000000008000868                CAN1_RX1_IRQHandler
                0x0000000008000868                UART5_IRQHandler
                0x0000000008000868                DMA2_Stream0_IRQHandler
                0x0000000008000868                TIM4_IRQHandler
                0x0000000008000868                QUADSPI_IRQHandler
                0x0000000008000868                I2C1_EV_IRQHandler
                0x0000000008000868                DMA1_Stream6_IRQHandler
                0x0000000008000868                DMA1_Stream1_IRQHandler
                0x0000000008000868                UART4_IRQHandler
                0x0000000008000868                TIM3_IRQHandler
                0x0000000008000868                RCC_IRQHandler
                0x0000000008000868                TIM8_BRK_TIM12_IRQHandler
                0x0000000008000868                Default_Handler
                0x0000000008000868                CEC_IRQHandler
                0x0000000008000868                EXTI15_10_IRQHandler
                0x0000000008000868                ADC_IRQHandler
                0x0000000008000868                DMA1_Stream7_IRQHandler
                0x0000000008000868                SPI5_IRQHandler
                0x0000000008000868                TIM7_IRQHandler
                0x0000000008000868                SDMMC1_IRQHandler
                0x0000000008000868                CAN2_TX_IRQHandler
                0x0000000008000868                TIM5_IRQHandler
                0x0000000008000868                DMA2_Stream7_IRQHandler
                0x0000000008000868                I2C3_EV_IRQHandler
                0x0000000008000868                EXTI9_5_IRQHandler
                0x0000000008000868                RTC_WKUP_IRQHandler
                0x0000000008000868                LTDC_IRQHandler
                0x0000000008000868                ETH_WKUP_IRQHandler
                0x0000000008000868                SPDIF_RX_IRQHandler
                0x0000000008000868                SPI2_IRQHandler
                0x0000000008000868                OTG_HS_EP1_IN_IRQHandler
                0x0000000008000868                DMA1_Stream0_IRQHandler
                0x0000000008000868                CAN1_TX_IRQHandler
                0x0000000008000868                EXTI4_IRQHandler
                0x0000000008000868                RNG_IRQHandler
                0x0000000008000868                ETH_IRQHandler
                0x0000000008000868                OTG_HS_EP1_OUT_IRQHandler
                0x0000000008000868                WWDG_IRQHandler
                0x0000000008000868                SPI6_IRQHandler
                0x0000000008000868                MDIOS_IRQHandler
                0x0000000008000868                I2C4_EV_IRQHandler
                0x0000000008000868                CAN3_TX_IRQHandler
                0x0000000008000868                TIM2_IRQHandler
                0x0000000008000868                OTG_FS_WKUP_IRQHandler
                0x0000000008000868                TIM1_TRG_COM_TIM11_IRQHandler
                0x0000000008000868                OTG_HS_IRQHandler
                0x0000000008000868                DMA2D_IRQHandler
                0x0000000008000868                EXTI1_IRQHandler
                0x0000000008000868                SDMMC2_IRQHandler
                0x0000000008000868                UART7_IRQHandler
                0x0000000008000868                USART2_IRQHandler
                0x0000000008000868                DFSDM1_FLT0_IRQHandler
                0x0000000008000868                I2C2_ER_IRQHandler
                0x0000000008000868                DMA2_Stream1_IRQHandler
                0x0000000008000868                CAN1_SCE_IRQHandler
                0x0000000008000868                FLASH_IRQHandler
                0x0000000008000868                DMA2_Stream4_IRQHandler
                0x0000000008000868                USART1_IRQHandler
                0x0000000008000868                SPI3_IRQHandler
                0x0000000008000868                DMA1_Stream4_IRQHandler
                0x0000000008000868                I2C1_ER_IRQHandler
                0x0000000008000868                FMC_IRQHandler
                0x0000000008000868                LPTIM1_IRQHandler
                0x0000000008000868                I2C4_ER_IRQHandler
                0x0000000008000868                DMA2_Stream6_IRQHandler
                0x0000000008000868                SAI1_IRQHandler
                0x0000000008000868                DMA1_Stream3_IRQHandler
 .text.HAL_Init
                0x000000000800086a       0x1a ./Drivers/STM32F7xx_HAL_Driver/Src/stm32f7xx_hal.o
                0x000000000800086a                HAL_Init
 .text.HAL_InitTick
                0x0000000008000884       0x60 ./Drivers/STM32F7xx_HAL_Driver/Src/stm32f7xx_hal.o
                0x0000000008000884                HAL_InitTick
 .text.HAL_IncTick
                0x00000000080008e4       0x28 ./Drivers/STM32F7xx_HAL_Driver/Src/stm32f7xx_hal.o
                0x00000000080008e4                HAL_IncTick
 .text.HAL_GetTick
                0x000000000800090c       0x18 ./Drivers/STM32F7xx_HAL_Driver/Src/stm32f7xx_hal.o
                0x000000000800090c                HAL_GetTick
 .text.HAL_Delay
                0x0000000008000924       0x48 ./Drivers/STM32F7xx_HAL_Driver/Src/stm32f7xx_hal.o
                0x0000000008000924                HAL_Delay
 .text.__NVIC_SetPriorityGrouping
                0x000000000800096c       0x48 ./Drivers/STM32F7xx_HAL_Driver/Src/stm32f7xx_hal_cortex.o
 .text.__NVIC_GetPriorityGrouping
                0x00000000080009b4       0x1c ./Drivers/STM32F7xx_HAL_Driver/Src/stm32f7xx_hal_cortex.o
 .text.__NVIC_EnableIRQ
                0x00000000080009d0       0x3c ./Drivers/STM32F7xx_HAL_Driver/Src/stm32f7xx_hal_cortex.o
 .text.__NVIC_SetPriority
                0x0000000008000a0c       0x54 ./Drivers/STM32F7xx_HAL_Driver/Src/stm32f7xx_hal_cortex.o
 .text.NVIC_EncodePriority
                0x0000000008000a60       0x66 ./Drivers/STM32F7xx_HAL_Driver/Src/stm32f7xx_hal_cortex.o
 *fill*         0x0000000008000ac6        0x2 
 .text.SysTick_Config
                0x0000000008000ac8       0x44 ./Drivers/STM32F7xx_HAL_Driver/Src/stm32f7xx_hal_cortex.o
 .text.HAL_NVIC_SetPriorityGrouping
                0x0000000008000b0c       0x16 ./Drivers/STM32F7xx_HAL_Driver/Src/stm32f7xx_hal_cortex.o
                0x0000000008000b0c                HAL_NVIC_SetPriorityGrouping
 .text.HAL_NVIC_SetPriority
                0x0000000008000b22       0x38 ./Drivers/STM32F7xx_HAL_Driver/Src/stm32f7xx_hal_cortex.o
                0x0000000008000b22                HAL_NVIC_SetPriority
 .text.HAL_NVIC_EnableIRQ
                0x0000000008000b5a       0x1c ./Drivers/STM32F7xx_HAL_Driver/Src/stm32f7xx_hal_cortex.o
                0x0000000008000b5a                HAL_NVIC_EnableIRQ
 .text.HAL_SYSTICK_Config
                0x0000000008000b76       0x18 ./Drivers/STM32F7xx_HAL_Driver/Src/stm32f7xx_hal_cortex.o
                0x0000000008000b76                HAL_SYSTICK_Config
 *fill*         0x0000000008000b8e        0x2 
 .text.HAL_MPU_Disable
                0x0000000008000b90       0x30 ./Drivers/STM32F7xx_HAL_Driver/Src/stm32f7xx_hal_cortex.o
                0x0000000008000b90                HAL_MPU_Disable
 .text.HAL_MPU_Enable
                0x0000000008000bc0       0x40 ./Drivers/STM32F7xx_HAL_Driver/Src/stm32f7xx_hal_cortex.o
                0x0000000008000bc0                HAL_MPU_Enable
 .text.HAL_MPU_ConfigRegion
                0x0000000008000c00       0x88 ./Drivers/STM32F7xx_HAL_Driver/Src/stm32f7xx_hal_cortex.o
                0x0000000008000c00                HAL_MPU_ConfigRegion
 .text.HAL_GPIO_Init
                0x0000000008000c88      0x358 ./Drivers/STM32F7xx_HAL_Driver/Src/stm32f7xx_hal_gpio.o
                0x0000000008000c88                HAL_GPIO_Init
 .text.HAL_PCD_Init
                0x0000000008000fe0      0x248 ./Drivers/STM32F7xx_HAL_Driver/Src/stm32f7xx_hal_pcd.o
                0x0000000008000fe0                HAL_PCD_Init
 .text.HAL_PCD_Start
                0x0000000008001228       0x44 ./Drivers/STM32F7xx_HAL_Driver/Src/stm32f7xx_hal_pcd.o
                0x0000000008001228                HAL_PCD_Start
 .text.HAL_PCD_IRQHandler
                0x000000000800126c      0x998 ./Drivers/STM32F7xx_HAL_Driver/Src/stm32f7xx_hal_pcd.o
                0x000000000800126c                HAL_PCD_IRQHandler
 .text.HAL_PCD_SetAddress
                0x0000000008001c04       0x4a ./Drivers/STM32F7xx_HAL_Driver/Src/stm32f7xx_hal_pcd.o
                0x0000000008001c04                HAL_PCD_SetAddress
 .text.HAL_PCD_EP_Open
                0x0000000008001c4e       0xd0 ./Drivers/STM32F7xx_HAL_Driver/Src/stm32f7xx_hal_pcd.o
                0x0000000008001c4e                HAL_PCD_EP_Open
 .text.HAL_PCD_EP_Close
                0x0000000008001d1e       0x94 ./Drivers/STM32F7xx_HAL_Driver/Src/stm32f7xx_hal_pcd.o
                0x0000000008001d1e                HAL_PCD_EP_Close
 .text.HAL_PCD_EP_Receive
                0x0000000008001db2       0x96 ./Drivers/STM32F7xx_HAL_Driver/Src/stm32f7xx_hal_pcd.o
                0x0000000008001db2                HAL_PCD_EP_Receive
 .text.HAL_PCD_EP_GetRxCount
                0x0000000008001e48       0x30 ./Drivers/STM32F7xx_HAL_Driver/Src/stm32f7xx_hal_pcd.o
                0x0000000008001e48                HAL_PCD_EP_GetRxCount
 .text.HAL_PCD_EP_Transmit
                0x0000000008001e78       0x94 ./Drivers/STM32F7xx_HAL_Driver/Src/stm32f7xx_hal_pcd.o
                0x0000000008001e78                HAL_PCD_EP_Transmit
 .text.HAL_PCD_EP_SetStall
                0x0000000008001f0c       0xc8 ./Drivers/STM32F7xx_HAL_Driver/Src/stm32f7xx_hal_pcd.o
                0x0000000008001f0c                HAL_PCD_EP_SetStall
 .text.HAL_PCD_EP_ClrStall
                0x0000000008001fd4       0xac ./Drivers/STM32F7xx_HAL_Driver/Src/stm32f7xx_hal_pcd.o
                0x0000000008001fd4                HAL_PCD_EP_ClrStall
 .text.HAL_PCD_EP_Abort
                0x0000000008002080       0x62 ./Drivers/STM32F7xx_HAL_Driver/Src/stm32f7xx_hal_pcd.o
                0x0000000008002080                HAL_PCD_EP_Abort
 .text.HAL_PCD_EP_Flush
                0x00000000080020e2       0x5a ./Drivers/STM32F7xx_HAL_Driver/Src/stm32f7xx_hal_pcd.o
                0x00000000080020e2                HAL_PCD_EP_Flush
 .text.PCD_WriteEmptyTxFifo
                0x000000000800213c      0x11a ./Drivers/STM32F7xx_HAL_Driver/Src/stm32f7xx_hal_pcd.o
 *fill*         0x0000000008002256        0x2 
 .text.PCD_EP_OutXfrComplete_int
                0x0000000008002258      0x1d0 ./Drivers/STM32F7xx_HAL_Driver/Src/stm32f7xx_hal_pcd.o
 .text.PCD_EP_OutSetupPacket_int
                0x0000000008002428       0x8c ./Drivers/STM32F7xx_HAL_Driver/Src/stm32f7xx_hal_pcd.o
 .text.HAL_PCDEx_SetTxFiFo
                0x00000000080024b4       0x8e ./Drivers/STM32F7xx_HAL_Driver/Src/stm32f7xx_hal_pcd_ex.o
                0x00000000080024b4                HAL_PCDEx_SetTxFiFo
 .text.HAL_PCDEx_SetRxFiFo
                0x0000000008002542       0x22 ./Drivers/STM32F7xx_HAL_Driver/Src/stm32f7xx_hal_pcd_ex.o
                0x0000000008002542                HAL_PCDEx_SetRxFiFo
 .text.HAL_PCDEx_ActivateLPM
                0x0000000008002564       0x48 ./Drivers/STM32F7xx_HAL_Driver/Src/stm32f7xx_hal_pcd_ex.o
                0x0000000008002564                HAL_PCDEx_ActivateLPM
 .text.HAL_PWREx_EnableOverDrive
                0x00000000080025ac       0xa0 ./Drivers/STM32F7xx_HAL_Driver/Src/stm32f7xx_hal_pwr_ex.o
                0x00000000080025ac                HAL_PWREx_EnableOverDrive
 .text.HAL_RCC_OscConfig
                0x000000000800264c      0x55c ./Drivers/STM32F7xx_HAL_Driver/Src/stm32f7xx_hal_rcc.o
                0x000000000800264c                HAL_RCC_OscConfig
 .text.HAL_RCC_ClockConfig
                0x0000000008002ba8      0x1d8 ./Drivers/STM32F7xx_HAL_Driver/Src/stm32f7xx_hal_rcc.o
                0x0000000008002ba8                HAL_RCC_ClockConfig
 .text.HAL_RCC_GetSysClockFreq
                0x0000000008002d80      0x20c ./Drivers/STM32F7xx_HAL_Driver/Src/stm32f7xx_hal_rcc.o
                0x0000000008002d80                HAL_RCC_GetSysClockFreq
 .text.HAL_RCC_GetHCLKFreq
                0x0000000008002f8c       0x18 ./Drivers/STM32F7xx_HAL_Driver/Src/stm32f7xx_hal_rcc.o
                0x0000000008002f8c                HAL_RCC_GetHCLKFreq
 .text.HAL_RCCEx_PeriphCLKConfig
                0x0000000008002fa4      0x850 ./Drivers/STM32F7xx_HAL_Driver/Src/stm32f7xx_hal_rcc_ex.o
                0x0000000008002fa4                HAL_RCCEx_PeriphCLKConfig
 .text.USB_CoreInit
                0x00000000080037f4       0xb0 ./Drivers/STM32F7xx_HAL_Driver/Src/stm32f7xx_ll_usb.o
                0x00000000080037f4                USB_CoreInit
 .text.USB_SetTurnaroundTime
                0x00000000080038a4      0x144 ./Drivers/STM32F7xx_HAL_Driver/Src/stm32f7xx_ll_usb.o
                0x00000000080038a4                USB_SetTurnaroundTime
 .text.USB_EnableGlobalInt
                0x00000000080039e8       0x22 ./Drivers/STM32F7xx_HAL_Driver/Src/stm32f7xx_ll_usb.o
                0x00000000080039e8                USB_EnableGlobalInt
 .text.USB_DisableGlobalInt
                0x0000000008003a0a       0x22 ./Drivers/STM32F7xx_HAL_Driver/Src/stm32f7xx_ll_usb.o
                0x0000000008003a0a                USB_DisableGlobalInt
 .text.USB_SetCurrentMode
                0x0000000008003a2c       0x98 ./Drivers/STM32F7xx_HAL_Driver/Src/stm32f7xx_ll_usb.o
                0x0000000008003a2c                USB_SetCurrentMode
 .text.USB_DevInit
                0x0000000008003ac4      0x2bc ./Drivers/STM32F7xx_HAL_Driver/Src/stm32f7xx_ll_usb.o
                0x0000000008003ac4                USB_DevInit
 .text.USB_FlushTxFifo
                0x0000000008003d80       0x68 ./Drivers/STM32F7xx_HAL_Driver/Src/stm32f7xx_ll_usb.o
                0x0000000008003d80                USB_FlushTxFifo
 .text.USB_FlushRxFifo
                0x0000000008003de8       0x60 ./Drivers/STM32F7xx_HAL_Driver/Src/stm32f7xx_ll_usb.o
                0x0000000008003de8                USB_FlushRxFifo
 .text.USB_SetDevSpeed
                0x0000000008003e48       0x32 ./Drivers/STM32F7xx_HAL_Driver/Src/stm32f7xx_ll_usb.o
                0x0000000008003e48                USB_SetDevSpeed
 .text.USB_GetDevSpeed
                0x0000000008003e7a       0x4a ./Drivers/STM32F7xx_HAL_Driver/Src/stm32f7xx_ll_usb.o
                0x0000000008003e7a                USB_GetDevSpeed
 .text.USB_ActivateEndpoint
                0x0000000008003ec4      0x110 ./Drivers/STM32F7xx_HAL_Driver/Src/stm32f7xx_ll_usb.o
                0x0000000008003ec4                USB_ActivateEndpoint
 .text.USB_DeactivateEndpoint
                0x0000000008003fd4      0x1b8 ./Drivers/STM32F7xx_HAL_Driver/Src/stm32f7xx_ll_usb.o
                0x0000000008003fd4                USB_DeactivateEndpoint
 .text.USB_EPStartXfer
                0x000000000800418c      0x4a0 ./Drivers/STM32F7xx_HAL_Driver/Src/stm32f7xx_ll_usb.o
                0x000000000800418c                USB_EPStartXfer
 .text.USB_EP0StartXfer
                0x000000000800462c      0x2b8 ./Drivers/STM32F7xx_HAL_Driver/Src/stm32f7xx_ll_usb.o
                0x000000000800462c                USB_EP0StartXfer
 .text.USB_EPStopXfer
                0x00000000080048e4      0x154 ./Drivers/STM32F7xx_HAL_Driver/Src/stm32f7xx_ll_usb.o
                0x00000000080048e4                USB_EPStopXfer
 .text.USB_WritePacket
                0x0000000008004a38       0x7c ./Drivers/STM32F7xx_HAL_Driver/Src/stm32f7xx_ll_usb.o
                0x0000000008004a38                USB_WritePacket
 .text.USB_ReadPacket
                0x0000000008004ab4       0xb0 ./Drivers/STM32F7xx_HAL_Driver/Src/stm32f7xx_ll_usb.o
                0x0000000008004ab4                USB_ReadPacket
 .text.USB_EPSetStall
                0x0000000008004b64       0xdc ./Drivers/STM32F7xx_HAL_Driver/Src/stm32f7xx_ll_usb.o
                0x0000000008004b64                USB_EPSetStall
 .text.USB_EPClearStall
                0x0000000008004c40       0xcc ./Drivers/STM32F7xx_HAL_Driver/Src/stm32f7xx_ll_usb.o
                0x0000000008004c40                USB_EPClearStall
 .text.USB_SetDevAddress
                0x0000000008004d0c       0x4c ./Drivers/STM32F7xx_HAL_Driver/Src/stm32f7xx_ll_usb.o
                0x0000000008004d0c                USB_SetDevAddress
 .text.USB_DevConnect
                0x0000000008004d58       0x42 ./Drivers/STM32F7xx_HAL_Driver/Src/stm32f7xx_ll_usb.o
                0x0000000008004d58                USB_DevConnect
 .text.USB_DevDisconnect
                0x0000000008004d9a       0x42 ./Drivers/STM32F7xx_HAL_Driver/Src/stm32f7xx_ll_usb.o
                0x0000000008004d9a                USB_DevDisconnect
 .text.USB_ReadInterrupts
                0x0000000008004ddc       0x26 ./Drivers/STM32F7xx_HAL_Driver/Src/stm32f7xx_ll_usb.o
                0x0000000008004ddc                USB_ReadInterrupts
 .text.USB_ReadDevAllOutEpInterrupt
                0x0000000008004e02       0x34 ./Drivers/STM32F7xx_HAL_Driver/Src/stm32f7xx_ll_usb.o
                0x0000000008004e02                USB_ReadDevAllOutEpInterrupt
 .text.USB_ReadDevAllInEpInterrupt
                0x0000000008004e36       0x34 ./Drivers/STM32F7xx_HAL_Driver/Src/stm32f7xx_ll_usb.o
                0x0000000008004e36                USB_ReadDevAllInEpInterrupt
 .text.USB_ReadDevOutEPInterrupt
                0x0000000008004e6a       0x3c ./Drivers/STM32F7xx_HAL_Driver/Src/stm32f7xx_ll_usb.o
                0x0000000008004e6a                USB_ReadDevOutEPInterrupt
 .text.USB_ReadDevInEPInterrupt
                0x0000000008004ea6       0x5c ./Drivers/STM32F7xx_HAL_Driver/Src/stm32f7xx_ll_usb.o
                0x0000000008004ea6                USB_ReadDevInEPInterrupt
 .text.USB_GetMode
                0x0000000008004f02       0x1c ./Drivers/STM32F7xx_HAL_Driver/Src/stm32f7xx_ll_usb.o
                0x0000000008004f02                USB_GetMode
 *fill*         0x0000000008004f1e        0x2 
 .text.USB_ActivateSetup
                0x0000000008004f20       0x48 ./Drivers/STM32F7xx_HAL_Driver/Src/stm32f7xx_ll_usb.o
                0x0000000008004f20                USB_ActivateSetup
 .text.USB_EP0_OutStart
                0x0000000008004f68       0xbc ./Drivers/STM32F7xx_HAL_Driver/Src/stm32f7xx_ll_usb.o
                0x0000000008004f68                USB_EP0_OutStart
 .text.USB_CoreReset
                0x0000000008005024       0x68 ./Drivers/STM32F7xx_HAL_Driver/Src/stm32f7xx_ll_usb.o
 .text.USBD_MSC_Init
                0x000000000800508c      0x120 ./Middlewares/ST/STM32_USB_Device_Library/Class/MSC/Src/usbd_msc.o
                0x000000000800508c                USBD_MSC_Init
 .text.USBD_MSC_DeInit
                0x00000000080051ac       0xb0 ./Middlewares/ST/STM32_USB_Device_Library/Class/MSC/Src/usbd_msc.o
                0x00000000080051ac                USBD_MSC_DeInit
 .text.USBD_MSC_Setup
                0x000000000800525c      0x1f8 ./Middlewares/ST/STM32_USB_Device_Library/Class/MSC/Src/usbd_msc.o
                0x000000000800525c                USBD_MSC_Setup
 .text.USBD_MSC_DataIn
                0x0000000008005454       0x20 ./Middlewares/ST/STM32_USB_Device_Library/Class/MSC/Src/usbd_msc.o
                0x0000000008005454                USBD_MSC_DataIn
 .text.USBD_MSC_DataOut
                0x0000000008005474       0x20 ./Middlewares/ST/STM32_USB_Device_Library/Class/MSC/Src/usbd_msc.o
                0x0000000008005474                USBD_MSC_DataOut
 .text.USBD_MSC_GetHSCfgDesc
                0x0000000008005494       0x58 ./Middlewares/ST/STM32_USB_Device_Library/Class/MSC/Src/usbd_msc.o
                0x0000000008005494                USBD_MSC_GetHSCfgDesc
 .text.USBD_MSC_GetFSCfgDesc
                0x00000000080054ec       0x58 ./Middlewares/ST/STM32_USB_Device_Library/Class/MSC/Src/usbd_msc.o
                0x00000000080054ec                USBD_MSC_GetFSCfgDesc
 .text.USBD_MSC_GetOtherSpeedCfgDesc
                0x0000000008005544       0x58 ./Middlewares/ST/STM32_USB_Device_Library/Class/MSC/Src/usbd_msc.o
                0x0000000008005544                USBD_MSC_GetOtherSpeedCfgDesc
 .text.USBD_MSC_GetDeviceQualifierDescriptor
                0x000000000800559c       0x20 ./Middlewares/ST/STM32_USB_Device_Library/Class/MSC/Src/usbd_msc.o
                0x000000000800559c                USBD_MSC_GetDeviceQualifierDescriptor
 .text.USBD_MSC_RegisterStorage
                0x00000000080055bc       0x34 ./Middlewares/ST/STM32_USB_Device_Library/Class/MSC/Src/usbd_msc.o
                0x00000000080055bc                USBD_MSC_RegisterStorage
 .text.MSC_BOT_Init
                0x00000000080055f0       0x94 ./Middlewares/ST/STM32_USB_Device_Library/Class/MSC/Src/usbd_msc_bot.o
                0x00000000080055f0                MSC_BOT_Init
 .text.MSC_BOT_Reset
                0x0000000008005684       0x68 ./Middlewares/ST/STM32_USB_Device_Library/Class/MSC/Src/usbd_msc_bot.o
                0x0000000008005684                MSC_BOT_Reset
 .text.MSC_BOT_DeInit
                0x00000000080056ec       0x30 ./Middlewares/ST/STM32_USB_Device_Library/Class/MSC/Src/usbd_msc_bot.o
                0x00000000080056ec                MSC_BOT_DeInit
 .text.MSC_BOT_DataIn
                0x000000000800571c       0x74 ./Middlewares/ST/STM32_USB_Device_Library/Class/MSC/Src/usbd_msc_bot.o
                0x000000000800571c                MSC_BOT_DataIn
 .text.MSC_BOT_DataOut
                0x0000000008005790       0x68 ./Middlewares/ST/STM32_USB_Device_Library/Class/MSC/Src/usbd_msc_bot.o
                0x0000000008005790                MSC_BOT_DataOut
 .text.MSC_BOT_CBW_Decode
                0x00000000080057f8      0x128 ./Middlewares/ST/STM32_USB_Device_Library/Class/MSC/Src/usbd_msc_bot.o
 .text.MSC_BOT_SendData
                0x0000000008005920       0x6c ./Middlewares/ST/STM32_USB_Device_Library/Class/MSC/Src/usbd_msc_bot.o
 .text.MSC_BOT_SendCSW
                0x000000000800598c       0x74 ./Middlewares/ST/STM32_USB_Device_Library/Class/MSC/Src/usbd_msc_bot.o
                0x000000000800598c                MSC_BOT_SendCSW
 .text.MSC_BOT_Abort
                0x0000000008005a00       0x84 ./Middlewares/ST/STM32_USB_Device_Library/Class/MSC/Src/usbd_msc_bot.o
 .text.MSC_BOT_CplClrFeature
                0x0000000008005a84       0x74 ./Middlewares/ST/STM32_USB_Device_Library/Class/MSC/Src/usbd_msc_bot.o
                0x0000000008005a84                MSC_BOT_CplClrFeature
 .text.SCSI_ProcessCmd
                0x0000000008005af8      0x304 ./Middlewares/ST/STM32_USB_Device_Library/Class/MSC/Src/usbd_msc_scsi.o
                0x0000000008005af8                SCSI_ProcessCmd
 .text.SCSI_TestUnitReady
                0x0000000008005dfc       0xb2 ./Middlewares/ST/STM32_USB_Device_Library/Class/MSC/Src/usbd_msc_scsi.o
 *fill*         0x0000000008005eae        0x2 
 .text.SCSI_Inquiry
                0x0000000008005eb0       0xfc ./Middlewares/ST/STM32_USB_Device_Library/Class/MSC/Src/usbd_msc_scsi.o
 .text.SCSI_ReadCapacity10
                0x0000000008005fac       0xfc ./Middlewares/ST/STM32_USB_Device_Library/Class/MSC/Src/usbd_msc_scsi.o
 .text.SCSI_ReadCapacity16
                0x00000000080060a8      0x166 ./Middlewares/ST/STM32_USB_Device_Library/Class/MSC/Src/usbd_msc_scsi.o
 .text.SCSI_ReadFormatCapacity
                0x000000000800620e       0xf6 ./Middlewares/ST/STM32_USB_Device_Library/Class/MSC/Src/usbd_msc_scsi.o
 .text.SCSI_ModeSense6
                0x0000000008006304       0x60 ./Middlewares/ST/STM32_USB_Device_Library/Class/MSC/Src/usbd_msc_scsi.o
 .text.SCSI_ModeSense10
                0x0000000008006364       0x60 ./Middlewares/ST/STM32_USB_Device_Library/Class/MSC/Src/usbd_msc_scsi.o
 .text.SCSI_RequestSense
                0x00000000080063c4      0x106 ./Middlewares/ST/STM32_USB_Device_Library/Class/MSC/Src/usbd_msc_scsi.o
 .text.SCSI_SenseCode
                0x00000000080064ca       0x96 ./Middlewares/ST/STM32_USB_Device_Library/Class/MSC/Src/usbd_msc_scsi.o
                0x00000000080064ca                SCSI_SenseCode
 .text.SCSI_StartStopUnit
                0x0000000008006560       0xaa ./Middlewares/ST/STM32_USB_Device_Library/Class/MSC/Src/usbd_msc_scsi.o
 .text.SCSI_AllowPreventRemovable
                0x000000000800660a       0x5a ./Middlewares/ST/STM32_USB_Device_Library/Class/MSC/Src/usbd_msc_scsi.o
 .text.SCSI_Read10
                0x0000000008006664      0x154 ./Middlewares/ST/STM32_USB_Device_Library/Class/MSC/Src/usbd_msc_scsi.o
 .text.SCSI_Read12
                0x00000000080067b8      0x168 ./Middlewares/ST/STM32_USB_Device_Library/Class/MSC/Src/usbd_msc_scsi.o
 .text.SCSI_Write10
                0x0000000008006920      0x1ac ./Middlewares/ST/STM32_USB_Device_Library/Class/MSC/Src/usbd_msc_scsi.o
 .text.SCSI_Write12
                0x0000000008006acc      0x1cc ./Middlewares/ST/STM32_USB_Device_Library/Class/MSC/Src/usbd_msc_scsi.o
 .text.SCSI_Verify10
                0x0000000008006c98       0x7a ./Middlewares/ST/STM32_USB_Device_Library/Class/MSC/Src/usbd_msc_scsi.o
 .text.SCSI_CheckAddressRange
                0x0000000008006d12       0x58 ./Middlewares/ST/STM32_USB_Device_Library/Class/MSC/Src/usbd_msc_scsi.o
 *fill*         0x0000000008006d6a        0x2 
 .text.SCSI_ProcessRead
                0x0000000008006d6c      0x10c ./Middlewares/ST/STM32_USB_Device_Library/Class/MSC/Src/usbd_msc_scsi.o
 .text.SCSI_ProcessWrite
                0x0000000008006e78      0x12c ./Middlewares/ST/STM32_USB_Device_Library/Class/MSC/Src/usbd_msc_scsi.o
 .text.SCSI_UpdateBotData
                0x0000000008006fa4       0x52 ./Middlewares/ST/STM32_USB_Device_Library/Class/MSC/Src/usbd_msc_scsi.o
 .text.USBD_Init
                0x0000000008006ff6       0x60 ./Middlewares/ST/STM32_USB_Device_Library/Core/Src/usbd_core.o
                0x0000000008006ff6                USBD_Init
 .text.USBD_RegisterClass
                0x0000000008007056       0x6c ./Middlewares/ST/STM32_USB_Device_Library/Core/Src/usbd_core.o
                0x0000000008007056                USBD_RegisterClass
 .text.USBD_Start
                0x00000000080070c2       0x18 ./Middlewares/ST/STM32_USB_Device_Library/Core/Src/usbd_core.o
                0x00000000080070c2                USBD_Start
 .text.USBD_RunTestMode
                0x00000000080070da       0x16 ./Middlewares/ST/STM32_USB_Device_Library/Core/Src/usbd_core.o
                0x00000000080070da                USBD_RunTestMode
 .text.USBD_SetClassConfig
                0x00000000080070f0       0x38 ./Middlewares/ST/STM32_USB_Device_Library/Core/Src/usbd_core.o
                0x00000000080070f0                USBD_SetClassConfig
 .text.USBD_ClrClassConfig
                0x0000000008007128       0x34 ./Middlewares/ST/STM32_USB_Device_Library/Core/Src/usbd_core.o
                0x0000000008007128                USBD_ClrClassConfig
 .text.USBD_LL_SetupStage
                0x000000000800715c       0xaa ./Middlewares/ST/STM32_USB_Device_Library/Core/Src/usbd_core.o
                0x000000000800715c                USBD_LL_SetupStage
 .text.USBD_LL_DataOutStage
                0x0000000008007206      0x166 ./Middlewares/ST/STM32_USB_Device_Library/Core/Src/usbd_core.o
                0x0000000008007206                USBD_LL_DataOutStage
 .text.USBD_LL_DataInStage
                0x000000000800736c      0x164 ./Middlewares/ST/STM32_USB_Device_Library/Core/Src/usbd_core.o
                0x000000000800736c                USBD_LL_DataInStage
 .text.USBD_LL_Reset
                0x00000000080074d0       0xa4 ./Middlewares/ST/STM32_USB_Device_Library/Core/Src/usbd_core.o
                0x00000000080074d0                USBD_LL_Reset
 .text.USBD_LL_SetSpeed
                0x0000000008007574       0x20 ./Middlewares/ST/STM32_USB_Device_Library/Core/Src/usbd_core.o
                0x0000000008007574                USBD_LL_SetSpeed
 .text.USBD_LL_Suspend
                0x0000000008007594       0x2c ./Middlewares/ST/STM32_USB_Device_Library/Core/Src/usbd_core.o
                0x0000000008007594                USBD_LL_Suspend
 .text.USBD_LL_Resume
                0x00000000080075c0       0x30 ./Middlewares/ST/STM32_USB_Device_Library/Core/Src/usbd_core.o
                0x00000000080075c0                USBD_LL_Resume
 .text.USBD_LL_SOF
                0x00000000080075f0       0x40 ./Middlewares/ST/STM32_USB_Device_Library/Core/Src/usbd_core.o
                0x00000000080075f0                USBD_LL_SOF
 .text.USBD_LL_IsoINIncomplete
                0x0000000008007630       0x64 ./Middlewares/ST/STM32_USB_Device_Library/Core/Src/usbd_core.o
                0x0000000008007630                USBD_LL_IsoINIncomplete
 .text.USBD_LL_IsoOUTIncomplete
                0x0000000008007694       0x64 ./Middlewares/ST/STM32_USB_Device_Library/Core/Src/usbd_core.o
                0x0000000008007694                USBD_LL_IsoOUTIncomplete
 .text.USBD_LL_DevConnected
                0x00000000080076f8       0x16 ./Middlewares/ST/STM32_USB_Device_Library/Core/Src/usbd_core.o
                0x00000000080076f8                USBD_LL_DevConnected
 .text.USBD_LL_DevDisconnected
                0x000000000800770e       0x46 ./Middlewares/ST/STM32_USB_Device_Library/Core/Src/usbd_core.o
                0x000000000800770e                USBD_LL_DevDisconnected
 .text.USBD_CoreFindIF
                0x0000000008007754       0x1a ./Middlewares/ST/STM32_USB_Device_Library/Core/Src/usbd_core.o
                0x0000000008007754                USBD_CoreFindIF
 .text.USBD_CoreFindEP
                0x000000000800776e       0x1a ./Middlewares/ST/STM32_USB_Device_Library/Core/Src/usbd_core.o
                0x000000000800776e                USBD_CoreFindEP
 .text.USBD_GetEpDesc
                0x0000000008007788       0x74 ./Middlewares/ST/STM32_USB_Device_Library/Core/Src/usbd_core.o
                0x0000000008007788                USBD_GetEpDesc
 .text.USBD_GetNextDesc
                0x00000000080077fc       0x3a ./Middlewares/ST/STM32_USB_Device_Library/Core/Src/usbd_core.o
                0x00000000080077fc                USBD_GetNextDesc
 .text.SWAPBYTE
                0x0000000008007836       0x3c ./Middlewares/ST/STM32_USB_Device_Library/Core/Src/usbd_ctlreq.o
 *fill*         0x0000000008007872        0x2 
 .text.USBD_StdDevReq
                0x0000000008007874       0xe4 ./Middlewares/ST/STM32_USB_Device_Library/Core/Src/usbd_ctlreq.o
                0x0000000008007874                USBD_StdDevReq
 .text.USBD_StdItfReq
                0x0000000008007958       0xd8 ./Middlewares/ST/STM32_USB_Device_Library/Core/Src/usbd_ctlreq.o
                0x0000000008007958                USBD_StdItfReq
 .text.USBD_StdEPReq
                0x0000000008007a30      0x33a ./Middlewares/ST/STM32_USB_Device_Library/Core/Src/usbd_ctlreq.o
                0x0000000008007a30                USBD_StdEPReq
 *fill*         0x0000000008007d6a        0x2 
 .text.USBD_GetDescriptor
                0x0000000008007d6c      0x328 ./Middlewares/ST/STM32_USB_Device_Library/Core/Src/usbd_ctlreq.o
 .text.USBD_SetAddress
                0x0000000008008094       0x88 ./Middlewares/ST/STM32_USB_Device_Library/Core/Src/usbd_ctlreq.o
 .text.USBD_SetConfig
                0x000000000800811c      0x154 ./Middlewares/ST/STM32_USB_Device_Library/Core/Src/usbd_ctlreq.o
 .text.USBD_GetConfig
                0x0000000008008270       0x6c ./Middlewares/ST/STM32_USB_Device_Library/Core/Src/usbd_ctlreq.o
 .text.USBD_GetStatus
                0x00000000080082dc       0x68 ./Middlewares/ST/STM32_USB_Device_Library/Core/Src/usbd_ctlreq.o
 .text.USBD_SetFeature
                0x0000000008008344       0x52 ./Middlewares/ST/STM32_USB_Device_Library/Core/Src/usbd_ctlreq.o
 .text.USBD_ClrFeature
                0x0000000008008396       0x44 ./Middlewares/ST/STM32_USB_Device_Library/Core/Src/usbd_ctlreq.o
 .text.USBD_ParseSetupRequest
                0x00000000080083da       0x74 ./Middlewares/ST/STM32_USB_Device_Library/Core/Src/usbd_ctlreq.o
                0x00000000080083da                USBD_ParseSetupRequest
 .text.USBD_CtlError
                0x000000000800844e       0x22 ./Middlewares/ST/STM32_USB_Device_Library/Core/Src/usbd_ctlreq.o
                0x000000000800844e                USBD_CtlError
 .text.USBD_GetString
                0x0000000008008470       0x8c ./Middlewares/ST/STM32_USB_Device_Library/Core/Src/usbd_ctlreq.o
                0x0000000008008470                USBD_GetString
 .text.USBD_GetLen
                0x00000000080084fc       0x34 ./Middlewares/ST/STM32_USB_Device_Library/Core/Src/usbd_ctlreq.o
 .text.USBD_CtlSendData
                0x0000000008008530       0x36 ./Middlewares/ST/STM32_USB_Device_Library/Core/Src/usbd_ioreq.o
                0x0000000008008530                USBD_CtlSendData
 .text.USBD_CtlContinueSendData
                0x0000000008008566       0x22 ./Middlewares/ST/STM32_USB_Device_Library/Core/Src/usbd_ioreq.o
                0x0000000008008566                USBD_CtlContinueSendData
 .text.USBD_CtlContinueRx
                0x0000000008008588       0x22 ./Middlewares/ST/STM32_USB_Device_Library/Core/Src/usbd_ioreq.o
                0x0000000008008588                USBD_CtlContinueRx
 .text.USBD_CtlSendStatus
                0x00000000080085aa       0x26 ./Middlewares/ST/STM32_USB_Device_Library/Core/Src/usbd_ioreq.o
                0x00000000080085aa                USBD_CtlSendStatus
 .text.USBD_CtlReceiveStatus
                0x00000000080085d0       0x26 ./Middlewares/ST/STM32_USB_Device_Library/Core/Src/usbd_ioreq.o
                0x00000000080085d0                USBD_CtlReceiveStatus
 *fill*         0x00000000080085f6        0x2 
 .text.MX_USB_DEVICE_Init
                0x00000000080085f8       0x60 ./USB_DEVICE/App/usb_device.o
                0x00000000080085f8                MX_USB_DEVICE_Init
 .text.USBD_FS_DeviceDescriptor
                0x0000000008008658       0x24 ./USB_DEVICE/App/usbd_desc.o
                0x0000000008008658                USBD_FS_DeviceDescriptor
 .text.USBD_FS_LangIDStrDescriptor
                0x000000000800867c       0x24 ./USB_DEVICE/App/usbd_desc.o
                0x000000000800867c                USBD_FS_LangIDStrDescriptor
 .text.USBD_FS_ProductStrDescriptor
                0x00000000080086a0       0x3c ./USB_DEVICE/App/usbd_desc.o
                0x00000000080086a0                USBD_FS_ProductStrDescriptor
 .text.USBD_FS_ManufacturerStrDescriptor
                0x00000000080086dc       0x28 ./USB_DEVICE/App/usbd_desc.o
                0x00000000080086dc                USBD_FS_ManufacturerStrDescriptor
 .text.USBD_FS_SerialStrDescriptor
                0x0000000008008704       0x24 ./USB_DEVICE/App/usbd_desc.o
                0x0000000008008704                USBD_FS_SerialStrDescriptor
 .text.USBD_FS_ConfigStrDescriptor
                0x0000000008008728       0x3c ./USB_DEVICE/App/usbd_desc.o
                0x0000000008008728                USBD_FS_ConfigStrDescriptor
 .text.USBD_FS_InterfaceStrDescriptor
                0x0000000008008764       0x3c ./USB_DEVICE/App/usbd_desc.o
                0x0000000008008764                USBD_FS_InterfaceStrDescriptor
 .text.USBD_FS_USR_BOSDescriptor
                0x00000000080087a0       0x24 ./USB_DEVICE/App/usbd_desc.o
                0x00000000080087a0                USBD_FS_USR_BOSDescriptor
 .text.Get_SerialNum
                0x00000000080087c4       0x58 ./USB_DEVICE/App/usbd_desc.o
 .text.IntToUnicode
                0x000000000800881c       0x7e ./USB_DEVICE/App/usbd_desc.o
 .text.STORAGE_Init_FS
                0x000000000800889a       0x18 ./USB_DEVICE/App/usbd_storage_if.o
 .text.STORAGE_GetCapacity_FS
                0x00000000080088b2       0x2c ./USB_DEVICE/App/usbd_storage_if.o
 .text.STORAGE_IsReady_FS
                0x00000000080088de       0x18 ./USB_DEVICE/App/usbd_storage_if.o
 .text.STORAGE_IsWriteProtected_FS
                0x00000000080088f6       0x18 ./USB_DEVICE/App/usbd_storage_if.o
 *fill*         0x000000000800890e        0x2 
 .text.STORAGE_Read_FS
                0x0000000008008910       0x38 ./USB_DEVICE/App/usbd_storage_if.o
 .text.STORAGE_Write_FS
                0x0000000008008948       0x38 ./USB_DEVICE/App/usbd_storage_if.o
 .text.STORAGE_GetMaxLun_FS
                0x0000000008008980       0x10 ./USB_DEVICE/App/usbd_storage_if.o
 .text.HAL_PCD_MspInit
                0x0000000008008990       0xe4 ./USB_DEVICE/Target/usbd_conf.o
                0x0000000008008990                HAL_PCD_MspInit
 .text.HAL_PCD_SetupStageCallback
                0x0000000008008a74       0x24 ./USB_DEVICE/Target/usbd_conf.o
                0x0000000008008a74                HAL_PCD_SetupStageCallback
 .text.HAL_PCD_DataOutStageCallback
                0x0000000008008a98       0x36 ./USB_DEVICE/Target/usbd_conf.o
                0x0000000008008a98                HAL_PCD_DataOutStageCallback
 .text.HAL_PCD_DataInStageCallback
                0x0000000008008ace       0x34 ./USB_DEVICE/Target/usbd_conf.o
                0x0000000008008ace                HAL_PCD_DataInStageCallback
 .text.HAL_PCD_SOFCallback
                0x0000000008008b02       0x1c ./USB_DEVICE/Target/usbd_conf.o
                0x0000000008008b02                HAL_PCD_SOFCallback
 .text.HAL_PCD_ResetCallback
                0x0000000008008b1e       0x50 ./USB_DEVICE/Target/usbd_conf.o
                0x0000000008008b1e                HAL_PCD_ResetCallback
 *fill*         0x0000000008008b6e        0x2 
 .text.HAL_PCD_SuspendCallback
                0x0000000008008b70       0x4c ./USB_DEVICE/Target/usbd_conf.o
                0x0000000008008b70                HAL_PCD_SuspendCallback
 .text.HAL_PCD_ResumeCallback
                0x0000000008008bbc       0x1c ./USB_DEVICE/Target/usbd_conf.o
                0x0000000008008bbc                HAL_PCD_ResumeCallback
 .text.HAL_PCD_ISOOUTIncompleteCallback
                0x0000000008008bd8       0x24 ./USB_DEVICE/Target/usbd_conf.o
                0x0000000008008bd8                HAL_PCD_ISOOUTIncompleteCallback
 .text.HAL_PCD_ISOINIncompleteCallback
                0x0000000008008bfc       0x24 ./USB_DEVICE/Target/usbd_conf.o
                0x0000000008008bfc                HAL_PCD_ISOINIncompleteCallback
 .text.HAL_PCD_ConnectCallback
                0x0000000008008c20       0x1c ./USB_DEVICE/Target/usbd_conf.o
                0x0000000008008c20                HAL_PCD_ConnectCallback
 .text.HAL_PCD_DisconnectCallback
                0x0000000008008c3c       0x1c ./USB_DEVICE/Target/usbd_conf.o
                0x0000000008008c3c                HAL_PCD_DisconnectCallback
 .text.USBD_LL_Init
                0x0000000008008c58       0x98 ./USB_DEVICE/Target/usbd_conf.o
                0x0000000008008c58                USBD_LL_Init
 .text.USBD_LL_Start
                0x0000000008008cf0       0x36 ./USB_DEVICE/Target/usbd_conf.o
                0x0000000008008cf0                USBD_LL_Start
 .text.USBD_LL_OpenEP
                0x0000000008008d26       0x4c ./USB_DEVICE/Target/usbd_conf.o
                0x0000000008008d26                USBD_LL_OpenEP
 .text.USBD_LL_CloseEP
                0x0000000008008d72       0x3e ./USB_DEVICE/Target/usbd_conf.o
                0x0000000008008d72                USBD_LL_CloseEP
 .text.USBD_LL_FlushEP
                0x0000000008008db0       0x3e ./USB_DEVICE/Target/usbd_conf.o
                0x0000000008008db0                USBD_LL_FlushEP
 .text.USBD_LL_StallEP
                0x0000000008008dee       0x3e ./USB_DEVICE/Target/usbd_conf.o
                0x0000000008008dee                USBD_LL_StallEP
 .text.USBD_LL_ClearStallEP
                0x0000000008008e2c       0x3e ./USB_DEVICE/Target/usbd_conf.o
                0x0000000008008e2c                USBD_LL_ClearStallEP
 .text.USBD_LL_IsStallEP
                0x0000000008008e6a       0x58 ./USB_DEVICE/Target/usbd_conf.o
                0x0000000008008e6a                USBD_LL_IsStallEP
 .text.USBD_LL_SetUSBAddress
                0x0000000008008ec2       0x3e ./USB_DEVICE/Target/usbd_conf.o
                0x0000000008008ec2                USBD_LL_SetUSBAddress
 .text.USBD_LL_Transmit
                0x0000000008008f00       0x42 ./USB_DEVICE/Target/usbd_conf.o
                0x0000000008008f00                USBD_LL_Transmit
 .text.USBD_LL_PrepareReceive
                0x0000000008008f42       0x42 ./USB_DEVICE/Target/usbd_conf.o
                0x0000000008008f42                USBD_LL_PrepareReceive
 .text.USBD_LL_GetRxDataSize
                0x0000000008008f84       0x26 ./USB_DEVICE/Target/usbd_conf.o
                0x0000000008008f84                USBD_LL_GetRxDataSize
 *fill*         0x0000000008008faa        0x2 
 .text.HAL_PCDEx_LPM_Callback
                0x0000000008008fac       0x9c ./USB_DEVICE/Target/usbd_conf.o
                0x0000000008008fac                HAL_PCDEx_LPM_Callback
 .text.SystemClockConfig_Resume
                0x0000000008009048        0xc ./USB_DEVICE/Target/usbd_conf.o
 .text.USBD_Get_USB_Status
                0x0000000008009054       0x58 ./USB_DEVICE/Target/usbd_conf.o
                0x0000000008009054                USBD_Get_USB_Status
 .text.malloc   0x00000000080090ac       0x10 C:/ST/STM32CubeIDE_1.12.1/STM32CubeIDE/plugins/com.st.stm32cube.ide.mcu.externaltools.gnu-tools-for-stm32.11.3.rel1.win32_1.1.100.202309141235/tools/bin/../lib/gcc/arm-none-eabi/11.3.1/../../../../arm-none-eabi/lib/thumb/v7e-m+dp/hard\libc_nano.a(libc_a-malloc.o)
                0x00000000080090ac                malloc
 .text.free     0x00000000080090bc       0x10 C:/ST/STM32CubeIDE_1.12.1/STM32CubeIDE/plugins/com.st.stm32cube.ide.mcu.externaltools.gnu-tools-for-stm32.11.3.rel1.win32_1.1.100.202309141235/tools/bin/../lib/gcc/arm-none-eabi/11.3.1/../../../../arm-none-eabi/lib/thumb/v7e-m+dp/hard\libc_nano.a(libc_a-malloc.o)
                0x00000000080090bc                free
 .text.sbrk_aligned
                0x00000000080090cc       0x40 C:/ST/STM32CubeIDE_1.12.1/STM32CubeIDE/plugins/com.st.stm32cube.ide.mcu.externaltools.gnu-tools-for-stm32.11.3.rel1.win32_1.1.100.202309141235/tools/bin/../lib/gcc/arm-none-eabi/11.3.1/../../../../arm-none-eabi/lib/thumb/v7e-m+dp/hard\libc_nano.a(libc_a-mallocr.o)
 .text._malloc_r
                0x000000000800910c      0x100 C:/ST/STM32CubeIDE_1.12.1/STM32CubeIDE/plugins/com.st.stm32cube.ide.mcu.externaltools.gnu-tools-for-stm32.11.3.rel1.win32_1.1.100.202309141235/tools/bin/../lib/gcc/arm-none-eabi/11.3.1/../../../../arm-none-eabi/lib/thumb/v7e-m+dp/hard\libc_nano.a(libc_a-mallocr.o)
                0x000000000800910c                _malloc_r
 .text.__malloc_lock
                0x000000000800920c        0xc C:/ST/STM32CubeIDE_1.12.1/STM32CubeIDE/plugins/com.st.stm32cube.ide.mcu.externaltools.gnu-tools-for-stm32.11.3.rel1.win32_1.1.100.202309141235/tools/bin/../lib/gcc/arm-none-eabi/11.3.1/../../../../arm-none-eabi/lib/thumb/v7e-m+dp/hard\libc_nano.a(libc_a-mlock.o)
                0x000000000800920c                __malloc_lock
 .text.__malloc_unlock
                0x0000000008009218        0xc C:/ST/STM32CubeIDE_1.12.1/STM32CubeIDE/plugins/com.st.stm32cube.ide.mcu.externaltools.gnu-tools-for-stm32.11.3.rel1.win32_1.1.100.202309141235/tools/bin/../lib/gcc/arm-none-eabi/11.3.1/../../../../arm-none-eabi/lib/thumb/v7e-m+dp/hard\libc_nano.a(libc_a-mlock.o)
                0x0000000008009218                __malloc_unlock
 .text.memset   0x0000000008009224       0x10 C:/ST/STM32CubeIDE_1.12.1/STM32CubeIDE/plugins/com.st.stm32cube.ide.mcu.externaltools.gnu-tools-for-stm32.11.3.rel1.win32_1.1.100.202309141235/tools/bin/../lib/gcc/arm-none-eabi/11.3.1/../../../../arm-none-eabi/lib/thumb/v7e-m+dp/hard\libc_nano.a(libc_a-memset.o)
                0x0000000008009224                memset
 .text._sbrk_r  0x0000000008009234       0x20 C:/ST/STM32CubeIDE_1.12.1/STM32CubeIDE/plugins/com.st.stm32cube.ide.mcu.externaltools.gnu-tools-for-stm32.11.3.rel1.win32_1.1.100.202309141235/tools/bin/../lib/gcc/arm-none-eabi/11.3.1/../../../../arm-none-eabi/lib/thumb/v7e-m+dp/hard\libc_nano.a(libc_a-sbrkr.o)
                0x0000000008009234                _sbrk_r
 .text.__errno  0x0000000008009254        0xc C:/ST/STM32CubeIDE_1.12.1/STM32CubeIDE/plugins/com.st.stm32cube.ide.mcu.externaltools.gnu-tools-for-stm32.11.3.rel1.win32_1.1.100.202309141235/tools/bin/../lib/gcc/arm-none-eabi/11.3.1/../../../../arm-none-eabi/lib/thumb/v7e-m+dp/hard\libc_nano.a(libc_a-errno.o)
                0x0000000008009254                __errno
 .text.__libc_init_array
                0x0000000008009260       0x48 C:/ST/STM32CubeIDE_1.12.1/STM32CubeIDE/plugins/com.st.stm32cube.ide.mcu.externaltools.gnu-tools-for-stm32.11.3.rel1.win32_1.1.100.202309141235/tools/bin/../lib/gcc/arm-none-eabi/11.3.1/../../../../arm-none-eabi/lib/thumb/v7e-m+dp/hard\libc_nano.a(libc_a-init.o)
                0x0000000008009260                __libc_init_array
 .text.__retarget_lock_acquire_recursive
                0x00000000080092a8        0x2 C:/ST/STM32CubeIDE_1.12.1/STM32CubeIDE/plugins/com.st.stm32cube.ide.mcu.externaltools.gnu-tools-for-stm32.11.3.rel1.win32_1.1.100.202309141235/tools/bin/../lib/gcc/arm-none-eabi/11.3.1/../../../../arm-none-eabi/lib/thumb/v7e-m+dp/hard\libc_nano.a(libc_a-lock.o)
                0x00000000080092a8                __retarget_lock_acquire_recursive
 .text.__retarget_lock_release_recursive
                0x00000000080092aa        0x2 C:/ST/STM32CubeIDE_1.12.1/STM32CubeIDE/plugins/com.st.stm32cube.ide.mcu.externaltools.gnu-tools-for-stm32.11.3.rel1.win32_1.1.100.202309141235/tools/bin/../lib/gcc/arm-none-eabi/11.3.1/../../../../arm-none-eabi/lib/thumb/v7e-m+dp/hard\libc_nano.a(libc_a-lock.o)
                0x00000000080092aa                __retarget_lock_release_recursive
 .text.memcpy   0x00000000080092ac       0x1c C:/ST/STM32CubeIDE_1.12.1/STM32CubeIDE/plugins/com.st.stm32cube.ide.mcu.externaltools.gnu-tools-for-stm32.11.3.rel1.win32_1.1.100.202309141235/tools/bin/../lib/gcc/arm-none-eabi/11.3.1/../../../../arm-none-eabi/lib/thumb/v7e-m+dp/hard\libc_nano.a(libc_a-memcpy-stub.o)
                0x00000000080092ac                memcpy
 .text._free_r  0x00000000080092c8       0x98 C:/ST/STM32CubeIDE_1.12.1/STM32CubeIDE/plugins/com.st.stm32cube.ide.mcu.externaltools.gnu-tools-for-stm32.11.3.rel1.win32_1.1.100.202309141235/tools/bin/../lib/gcc/arm-none-eabi/11.3.1/../../../../arm-none-eabi/lib/thumb/v7e-m+dp/hard\libc_nano.a(libc_a-freer.o)
                0x00000000080092c8                _free_r
 *(.glue_7)
 .glue_7        0x0000000008009360        0x0 linker stubs
 *(.glue_7t)
 .glue_7t       0x0000000008009360        0x0 linker stubs
 *(.eh_frame)
 .eh_frame      0x0000000008009360        0x0 C:/ST/STM32CubeIDE_1.12.1/STM32CubeIDE/plugins/com.st.stm32cube.ide.mcu.externaltools.gnu-tools-for-stm32.11.3.rel1.win32_1.1.100.202309141235/tools/bin/../lib/gcc/arm-none-eabi/11.3.1/thumb/v7e-m+dp/hard/crtbegin.o
 *(.init)
 .init          0x0000000008009360        0x4 C:/ST/STM32CubeIDE_1.12.1/STM32CubeIDE/plugins/com.st.stm32cube.ide.mcu.externaltools.gnu-tools-for-stm32.11.3.rel1.win32_1.1.100.202309141235/tools/bin/../lib/gcc/arm-none-eabi/11.3.1/thumb/v7e-m+dp/hard/crti.o
                0x0000000008009360                _init
 .init          0x0000000008009364        0x8 C:/ST/STM32CubeIDE_1.12.1/STM32CubeIDE/plugins/com.st.stm32cube.ide.mcu.externaltools.gnu-tools-for-stm32.11.3.rel1.win32_1.1.100.202309141235/tools/bin/../lib/gcc/arm-none-eabi/11.3.1/thumb/v7e-m+dp/hard/crtn.o
 *(.fini)
 .fini          0x000000000800936c        0x4 C:/ST/STM32CubeIDE_1.12.1/STM32CubeIDE/plugins/com.st.stm32cube.ide.mcu.externaltools.gnu-tools-for-stm32.11.3.rel1.win32_1.1.100.202309141235/tools/bin/../lib/gcc/arm-none-eabi/11.3.1/thumb/v7e-m+dp/hard/crti.o
                0x000000000800936c                _fini
 .fini          0x0000000008009370        0x8 C:/ST/STM32CubeIDE_1.12.1/STM32CubeIDE/plugins/com.st.stm32cube.ide.mcu.externaltools.gnu-tools-for-stm32.11.3.rel1.win32_1.1.100.202309141235/tools/bin/../lib/gcc/arm-none-eabi/11.3.1/thumb/v7e-m+dp/hard/crtn.o
                0x0000000008009378                . = ALIGN (0x4)
                0x0000000008009378                _etext = .

.vfp11_veneer   0x0000000008009378        0x0
 .vfp11_veneer  0x0000000008009378        0x0 linker stubs

.v4_bx          0x0000000008009378        0x0
 .v4_bx         0x0000000008009378        0x0 linker stubs

.iplt           0x0000000008009378        0x0
 .iplt          0x0000000008009378        0x0 C:/ST/STM32CubeIDE_1.12.1/STM32CubeIDE/plugins/com.st.stm32cube.ide.mcu.externaltools.gnu-tools-for-stm32.11.3.rel1.win32_1.1.100.202309141235/tools/bin/../lib/gcc/arm-none-eabi/11.3.1/thumb/v7e-m+dp/hard/crtbegin.o

.rodata         0x0000000008009378       0x78
                0x0000000008009378                . = ALIGN (0x4)
 *(.rodata)
 .rodata        0x0000000008009378       0x42 ./USB_DEVICE/App/usbd_desc.o
 *(.rodata*)
 *fill*         0x00000000080093ba        0x2 
 .rodata.AHBPrescTable
                0x00000000080093bc       0x10 ./Core/Src/system_stm32f7xx.o
                0x00000000080093bc                AHBPrescTable
 .rodata.STORAGE_Inquirydata_FS
                0x00000000080093cc       0x24 ./USB_DEVICE/App/usbd_storage_if.o
                0x00000000080093cc                STORAGE_Inquirydata_FS
                0x00000000080093f0                . = ALIGN (0x4)

.ARM.extab      0x00000000080093f0        0x0
                0x00000000080093f0                . = ALIGN (0x4)
 *(.ARM.extab* .gnu.linkonce.armextab.*)
                0x00000000080093f0                . = ALIGN (0x4)

.ARM            0x00000000080093f0        0x8
                0x00000000080093f0                . = ALIGN (0x4)
                0x00000000080093f0                __exidx_start = .
 *(.ARM.exidx*)
 .ARM.exidx     0x00000000080093f0        0x8 C:/ST/STM32CubeIDE_1.12.1/STM32CubeIDE/plugins/com.st.stm32cube.ide.mcu.externaltools.gnu-tools-for-stm32.11.3.rel1.win32_1.1.100.202309141235/tools/bin/../lib/gcc/arm-none-eabi/11.3.1/thumb/v7e-m+dp/hard\libgcc.a(_udivmoddi4.o)
                0x00000000080093f8                __exidx_end = .
                0x00000000080093f8                . = ALIGN (0x4)

.rel.dyn        0x00000000080093f8        0x0
 .rel.iplt      0x00000000080093f8        0x0 C:/ST/STM32CubeIDE_1.12.1/STM32CubeIDE/plugins/com.st.stm32cube.ide.mcu.externaltools.gnu-tools-for-stm32.11.3.rel1.win32_1.1.100.202309141235/tools/bin/../lib/gcc/arm-none-eabi/11.3.1/thumb/v7e-m+dp/hard/crtbegin.o

.preinit_array  0x00000000080093f8        0x0
                0x00000000080093f8                . = ALIGN (0x4)
                0x00000000080093f8                PROVIDE (__preinit_array_start = .)
 *(.preinit_array*)
                0x00000000080093f8                PROVIDE (__preinit_array_end = .)
                0x00000000080093f8                . = ALIGN (0x4)

.init_array     0x00000000080093f8        0x4
                0x00000000080093f8                . = ALIGN (0x4)
                0x00000000080093f8                PROVIDE (__init_array_start = .)
 *(SORT_BY_NAME(.init_array.*))
 *(.init_array*)
 .init_array    0x00000000080093f8        0x4 C:/ST/STM32CubeIDE_1.12.1/STM32CubeIDE/plugins/com.st.stm32cube.ide.mcu.externaltools.gnu-tools-for-stm32.11.3.rel1.win32_1.1.100.202309141235/tools/bin/../lib/gcc/arm-none-eabi/11.3.1/thumb/v7e-m+dp/hard/crtbegin.o
                0x00000000080093fc                PROVIDE (__init_array_end = .)
                0x00000000080093fc                . = ALIGN (0x4)

.fini_array     0x00000000080093fc        0x4
                0x00000000080093fc                . = ALIGN (0x4)
                [!provide]                        PROVIDE (__fini_array_start = .)
 *(SORT_BY_NAME(.fini_array.*))
 *(.fini_array*)
 .fini_array    0x00000000080093fc        0x4 C:/ST/STM32CubeIDE_1.12.1/STM32CubeIDE/plugins/com.st.stm32cube.ide.mcu.externaltools.gnu-tools-for-stm32.11.3.rel1.win32_1.1.100.202309141235/tools/bin/../lib/gcc/arm-none-eabi/11.3.1/thumb/v7e-m+dp/hard/crtbegin.o
                [!provide]                        PROVIDE (__fini_array_end = .)
                0x0000000008009400                . = ALIGN (0x4)
                0x0000000008009400                _sidata = LOADADDR (.data)

.data           0x0000000020032000      0x184 load address 0x0000000008009400
                0x0000000020032000                . = ALIGN (0x4)
                0x0000000020032000                _sdata = .
 *(.data)
 *(.data*)
 .data.SystemCoreClock
                0x0000000020032000        0x4 ./Core/Src/system_stm32f7xx.o
                0x0000000020032000                SystemCoreClock
 .data.uwTickPrio
                0x0000000020032004        0x4 ./Drivers/STM32F7xx_HAL_Driver/Src/stm32f7xx_hal.o
                0x0000000020032004                uwTickPrio
 .data.uwTickFreq
                0x0000000020032008        0x1 ./Drivers/STM32F7xx_HAL_Driver/Src/stm32f7xx_hal.o
                0x0000000020032008                uwTickFreq
 *fill*         0x0000000020032009        0x3 
 .data.USBD_MSC
                0x000000002003200c       0x38 ./Middlewares/ST/STM32_USB_Device_Library/Class/MSC/Src/usbd_msc.o
                0x000000002003200c                USBD_MSC
 .data.USBD_MSC_CfgDesc
                0x0000000020032044       0x20 ./Middlewares/ST/STM32_USB_Device_Library/Class/MSC/Src/usbd_msc.o
 .data.USBD_MSC_DeviceQualifierDesc
                0x0000000020032064        0xa ./Middlewares/ST/STM32_USB_Device_Library/Class/MSC/Src/usbd_msc.o
 .data.MSCInEpAdd
                0x000000002003206e        0x1 ./Middlewares/ST/STM32_USB_Device_Library/Class/MSC/Src/usbd_msc.o
                0x000000002003206e                MSCInEpAdd
 .data.MSCOutEpAdd
                0x000000002003206f        0x1 ./Middlewares/ST/STM32_USB_Device_Library/Class/MSC/Src/usbd_msc.o
                0x000000002003206f                MSCOutEpAdd
 .data.MSC_Page00_Inquiry_Data
                0x0000000020032070        0x6 ./Middlewares/ST/STM32_USB_Device_Library/Class/MSC/Src/usbd_msc_data.o
                0x0000000020032070                MSC_Page00_Inquiry_Data
 *fill*         0x0000000020032076        0x2 
 .data.MSC_Page80_Inquiry_Data
                0x0000000020032078        0x8 ./Middlewares/ST/STM32_USB_Device_Library/Class/MSC/Src/usbd_msc_data.o
                0x0000000020032078                MSC_Page80_Inquiry_Data
 .data.MSC_Mode_Sense6_data
                0x0000000020032080       0x17 ./Middlewares/ST/STM32_USB_Device_Library/Class/MSC/Src/usbd_msc_data.o
                0x0000000020032080                MSC_Mode_Sense6_data
 *fill*         0x0000000020032097        0x1 
 .data.MSC_Mode_Sense10_data
                0x0000000020032098       0x1b ./Middlewares/ST/STM32_USB_Device_Library/Class/MSC/Src/usbd_msc_data.o
                0x0000000020032098                MSC_Mode_Sense10_data
 *fill*         0x00000000200320b3        0x1 
 .data.FS_Desc  0x00000000200320b4       0x20 ./USB_DEVICE/App/usbd_desc.o
                0x00000000200320b4                FS_Desc
 .data.USBD_FS_DeviceDesc
                0x00000000200320d4       0x12 ./USB_DEVICE/App/usbd_desc.o
                0x00000000200320d4                USBD_FS_DeviceDesc
 *fill*         0x00000000200320e6        0x2 
 .data.USBD_FS_BOSDesc
                0x00000000200320e8        0xc ./USB_DEVICE/App/usbd_desc.o
                0x00000000200320e8                USBD_FS_BOSDesc
 .data.USBD_LangIDDesc
                0x00000000200320f4        0x4 ./USB_DEVICE/App/usbd_desc.o
                0x00000000200320f4                USBD_LangIDDesc
 .data.USBD_StringSerial
                0x00000000200320f8       0x1a ./USB_DEVICE/App/usbd_desc.o
                0x00000000200320f8                USBD_StringSerial
 *fill*         0x0000000020032112        0x2 
 .data.USBD_Storage_Interface_fops_FS
                0x0000000020032114       0x20 ./USB_DEVICE/App/usbd_storage_if.o
                0x0000000020032114                USBD_Storage_Interface_fops_FS
 .data._impure_data
                0x0000000020032134       0x4c C:/ST/STM32CubeIDE_1.12.1/STM32CubeIDE/plugins/com.st.stm32cube.ide.mcu.externaltools.gnu-tools-for-stm32.11.3.rel1.win32_1.1.100.202309141235/tools/bin/../lib/gcc/arm-none-eabi/11.3.1/../../../../arm-none-eabi/lib/thumb/v7e-m+dp/hard\libc_nano.a(libc_a-impure.o)
                0x0000000020032134                _impure_data
 .data._impure_ptr
                0x0000000020032180        0x4 C:/ST/STM32CubeIDE_1.12.1/STM32CubeIDE/plugins/com.st.stm32cube.ide.mcu.externaltools.gnu-tools-for-stm32.11.3.rel1.win32_1.1.100.202309141235/tools/bin/../lib/gcc/arm-none-eabi/11.3.1/../../../../arm-none-eabi/lib/thumb/v7e-m+dp/hard\libc_nano.a(libc_a-impure.o)
                0x0000000020032180                _impure_ptr
 *(.RamFunc)
 *(.RamFunc*)
                0x0000000020032184                . = ALIGN (0x4)
                0x0000000020032184                _edata = .

.igot.plt       0x0000000020032184        0x0 load address 0x0000000008009584
 .igot.plt      0x0000000020032184        0x0 C:/ST/STM32CubeIDE_1.12.1/STM32CubeIDE/plugins/com.st.stm32cube.ide.mcu.externaltools.gnu-tools-for-stm32.11.3.rel1.win32_1.1.100.202309141235/tools/bin/../lib/gcc/arm-none-eabi/11.3.1/thumb/v7e-m+dp/hard/crtbegin.o
                0x0000000020032184                . = ALIGN (0x4)

.bss            0x0000000020032184      0xb54 load address 0x0000000008009584
                0x0000000020032184                _sbss = .
                0x0000000020032184                __bss_start__ = _sbss
 *(.bss)
 .bss           0x0000000020032184       0x1c C:/ST/STM32CubeIDE_1.12.1/STM32CubeIDE/plugins/com.st.stm32cube.ide.mcu.externaltools.gnu-tools-for-stm32.11.3.rel1.win32_1.1.100.202309141235/tools/bin/../lib/gcc/arm-none-eabi/11.3.1/thumb/v7e-m+dp/hard/crtbegin.o
 *(.bss*)
 .bss.__sbrk_heap_end
                0x00000000200321a0        0x4 ./Core/Src/sysmem.o
 .bss.uwTick    0x00000000200321a4        0x4 ./Drivers/STM32F7xx_HAL_Driver/Src/stm32f7xx_hal.o
                0x00000000200321a4                uwTick
 .bss.cfgidx.0  0x00000000200321a8        0x1 ./Middlewares/ST/STM32_USB_Device_Library/Core/Src/usbd_ctlreq.o
 *fill*         0x00000000200321a9        0x3 
 .bss.hUsbDeviceFS
                0x00000000200321ac      0x2dc ./USB_DEVICE/App/usb_device.o
                0x00000000200321ac                hUsbDeviceFS
 .bss.USBD_StrDesc
                0x0000000020032488      0x200 ./USB_DEVICE/App/usbd_desc.o
                0x0000000020032488                USBD_StrDesc
 .bss.hpcd_USB_OTG_FS
                0x0000000020032688      0x508 ./USB_DEVICE/Target/usbd_conf.o
                0x0000000020032688                hpcd_USB_OTG_FS
 .bss.__malloc_free_list
                0x0000000020032b90        0x4 C:/ST/STM32CubeIDE_1.12.1/STM32CubeIDE/plugins/com.st.stm32cube.ide.mcu.externaltools.gnu-tools-for-stm32.11.3.rel1.win32_1.1.100.202309141235/tools/bin/../lib/gcc/arm-none-eabi/11.3.1/../../../../arm-none-eabi/lib/thumb/v7e-m+dp/hard\libc_nano.a(libc_a-mallocr.o)
                0x0000000020032b90                __malloc_free_list
 .bss.__malloc_sbrk_start
                0x0000000020032b94        0x4 C:/ST/STM32CubeIDE_1.12.1/STM32CubeIDE/plugins/com.st.stm32cube.ide.mcu.externaltools.gnu-tools-for-stm32.11.3.rel1.win32_1.1.100.202309141235/tools/bin/../lib/gcc/arm-none-eabi/11.3.1/../../../../arm-none-eabi/lib/thumb/v7e-m+dp/hard\libc_nano.a(libc_a-mallocr.o)
                0x0000000020032b94                __malloc_sbrk_start
 .bss.__sf      0x0000000020032b98      0x138 C:/ST/STM32CubeIDE_1.12.1/STM32CubeIDE/plugins/com.st.stm32cube.ide.mcu.externaltools.gnu-tools-for-stm32.11.3.rel1.win32_1.1.100.202309141235/tools/bin/../lib/gcc/arm-none-eabi/11.3.1/../../../../arm-none-eabi/lib/thumb/v7e-m+dp/hard\libc_nano.a(libc_a-findfp.o)
                0x0000000020032b98                __sf
 .bss.errno     0x0000000020032cd0        0x4 C:/ST/STM32CubeIDE_1.12.1/STM32CubeIDE/plugins/com.st.stm32cube.ide.mcu.externaltools.gnu-tools-for-stm32.11.3.rel1.win32_1.1.100.202309141235/tools/bin/../lib/gcc/arm-none-eabi/11.3.1/../../../../arm-none-eabi/lib/thumb/v7e-m+dp/hard\libc_nano.a(libc_a-reent.o)
                0x0000000020032cd0                errno
 .bss.__lock___malloc_recursive_mutex
                0x0000000020032cd4        0x1 C:/ST/STM32CubeIDE_1.12.1/STM32CubeIDE/plugins/com.st.stm32cube.ide.mcu.externaltools.gnu-tools-for-stm32.11.3.rel1.win32_1.1.100.202309141235/tools/bin/../lib/gcc/arm-none-eabi/11.3.1/../../../../arm-none-eabi/lib/thumb/v7e-m+dp/hard\libc_nano.a(libc_a-lock.o)
                0x0000000020032cd4                __lock___malloc_recursive_mutex
 *(COMMON)
                0x0000000020032cd8                . = ALIGN (0x4)
 *fill*         0x0000000020032cd5        0x3 
                0x0000000020032cd8                _ebss = .
                0x0000000020032cd8                __bss_end__ = _ebss

._user_heap_stack
                0x0000000020032cd8      0x600 load address 0x0000000008009584
                0x0000000020032cd8                . = ALIGN (0x8)
                [!provide]                        PROVIDE (end = .)
                0x0000000020032cd8                PROVIDE (_end = .)
                0x0000000020032ed8                . = (. + _Min_Heap_Size)
 *fill*         0x0000000020032cd8      0x200 
                0x00000000200332d8                . = (. + _Min_Stack_Size)
 *fill*         0x0000000020032ed8      0x400 
                0x00000000200332d8                . = ALIGN (0x8)

/DISCARD/
 libc.a(*)
 libm.a(*)
 libgcc.a(*)

.ARM.attributes
                0x0000000000000000       0x2e
 *(.ARM.attributes)
 .ARM.attributes
                0x0000000000000000       0x1e C:/ST/STM32CubeIDE_1.12.1/STM32CubeIDE/plugins/com.st.stm32cube.ide.mcu.externaltools.gnu-tools-for-stm32.11.3.rel1.win32_1.1.100.202309141235/tools/bin/../lib/gcc/arm-none-eabi/11.3.1/thumb/v7e-m+dp/hard/crti.o
 .ARM.attributes
                0x000000000000001e       0x32 C:/ST/STM32CubeIDE_1.12.1/STM32CubeIDE/plugins/com.st.stm32cube.ide.mcu.externaltools.gnu-tools-for-stm32.11.3.rel1.win32_1.1.100.202309141235/tools/bin/../lib/gcc/arm-none-eabi/11.3.1/thumb/v7e-m+dp/hard/crtbegin.o
 .ARM.attributes
                0x0000000000000050       0x32 ./Core/Src/main.o
 .ARM.attributes
                0x0000000000000082       0x32 ./Core/Src/stm32f7xx_hal_msp.o
 .ARM.attributes
                0x00000000000000b4       0x32 ./Core/Src/stm32f7xx_it.o
 .ARM.attributes
                0x00000000000000e6       0x32 ./Core/Src/sysmem.o
 .ARM.attributes
                0x0000000000000118       0x32 ./Core/Src/system_stm32f7xx.o
 .ARM.attributes
                0x000000000000014a       0x21 ./Core/Startup/startup_stm32f767zitx.o
 .ARM.attributes
                0x000000000000016b       0x32 ./Drivers/STM32F7xx_HAL_Driver/Src/stm32f7xx_hal.o
 .ARM.attributes
                0x000000000000019d       0x32 ./Drivers/STM32F7xx_HAL_Driver/Src/stm32f7xx_hal_cortex.o
 .ARM.attributes
                0x00000000000001cf       0x32 ./Drivers/STM32F7xx_HAL_Driver/Src/stm32f7xx_hal_gpio.o
 .ARM.attributes
                0x0000000000000201       0x32 ./Drivers/STM32F7xx_HAL_Driver/Src/stm32f7xx_hal_pcd.o
 .ARM.attributes
                0x0000000000000233       0x32 ./Drivers/STM32F7xx_HAL_Driver/Src/stm32f7xx_hal_pcd_ex.o
 .ARM.attributes
                0x0000000000000265       0x32 ./Drivers/STM32F7xx_HAL_Driver/Src/stm32f7xx_hal_pwr_ex.o
 .ARM.attributes
                0x0000000000000297       0x32 ./Drivers/STM32F7xx_HAL_Driver/Src/stm32f7xx_hal_rcc.o
 .ARM.attributes
                0x00000000000002c9       0x32 ./Drivers/STM32F7xx_HAL_Driver/Src/stm32f7xx_hal_rcc_ex.o
 .ARM.attributes
                0x00000000000002fb       0x32 ./Drivers/STM32F7xx_HAL_Driver/Src/stm32f7xx_ll_usb.o
 .ARM.attributes
                0x000000000000032d       0x32 ./Middlewares/ST/STM32_USB_Device_Library/Class/MSC/Src/usbd_msc.o
 .ARM.attributes
                0x000000000000035f       0x32 ./Middlewares/ST/STM32_USB_Device_Library/Class/MSC/Src/usbd_msc_bot.o
 .ARM.attributes
                0x0000000000000391       0x32 ./Middlewares/ST/STM32_USB_Device_Library/Class/MSC/Src/usbd_msc_data.o
 .ARM.attributes
                0x00000000000003c3       0x32 ./Middlewares/ST/STM32_USB_Device_Library/Class/MSC/Src/usbd_msc_scsi.o
 .ARM.attributes
                0x00000000000003f5       0x32 ./Middlewares/ST/STM32_USB_Device_Library/Core/Src/usbd_core.o
 .ARM.attributes
                0x0000000000000427       0x32 ./Middlewares/ST/STM32_USB_Device_Library/Core/Src/usbd_ctlreq.o
 .ARM.attributes
                0x0000000000000459       0x32 ./Middlewares/ST/STM32_USB_Device_Library/Core/Src/usbd_ioreq.o
 .ARM.attributes
                0x000000000000048b       0x32 ./USB_DEVICE/App/usb_device.o
 .ARM.attributes
                0x00000000000004bd       0x32 ./USB_DEVICE/App/usbd_desc.o
 .ARM.attributes
                0x00000000000004ef       0x32 ./USB_DEVICE/App/usbd_storage_if.o
 .ARM.attributes
                0x0000000000000521       0x32 ./USB_DEVICE/Target/usbd_conf.o
 .ARM.attributes
                0x0000000000000553       0x32 C:/ST/STM32CubeIDE_1.12.1/STM32CubeIDE/plugins/com.st.stm32cube.ide.mcu.externaltools.gnu-tools-for-stm32.11.3.rel1.win32_1.1.100.202309141235/tools/bin/../lib/gcc/arm-none-eabi/11.3.1/../../../../arm-none-eabi/lib/thumb/v7e-m+dp/hard\libc_nano.a(libc_a-malloc.o)
 .ARM.attributes
                0x0000000000000585       0x32 C:/ST/STM32CubeIDE_1.12.1/STM32CubeIDE/plugins/com.st.stm32cube.ide.mcu.externaltools.gnu-tools-for-stm32.11.3.rel1.win32_1.1.100.202309141235/tools/bin/../lib/gcc/arm-none-eabi/11.3.1/../../../../arm-none-eabi/lib/thumb/v7e-m+dp/hard\libc_nano.a(libc_a-mallocr.o)
 .ARM.attributes
                0x00000000000005b7       0x32 C:/ST/STM32CubeIDE_1.12.1/STM32CubeIDE/plugins/com.st.stm32cube.ide.mcu.externaltools.gnu-tools-for-stm32.11.3.rel1.win32_1.1.100.202309141235/tools/bin/../lib/gcc/arm-none-eabi/11.3.1/../../../../arm-none-eabi/lib/thumb/v7e-m+dp/hard\libc_nano.a(libc_a-mlock.o)
 .ARM.attributes
                0x00000000000005e9       0x32 C:/ST/STM32CubeIDE_1.12.1/STM32CubeIDE/plugins/com.st.stm32cube.ide.mcu.externaltools.gnu-tools-for-stm32.11.3.rel1.win32_1.1.100.202309141235/tools/bin/../lib/gcc/arm-none-eabi/11.3.1/../../../../arm-none-eabi/lib/thumb/v7e-m+dp/hard\libc_nano.a(libc_a-findfp.o)
 .ARM.attributes
                0x000000000000061b       0x32 C:/ST/STM32CubeIDE_1.12.1/STM32CubeIDE/plugins/com.st.stm32cube.ide.mcu.externaltools.gnu-tools-for-stm32.11.3.rel1.win32_1.1.100.202309141235/tools/bin/../lib/gcc/arm-none-eabi/11.3.1/../../../../arm-none-eabi/lib/thumb/v7e-m+dp/hard\libc_nano.a(libc_a-memset.o)
 .ARM.attributes
                0x000000000000064d       0x32 C:/ST/STM32CubeIDE_1.12.1/STM32CubeIDE/plugins/com.st.stm32cube.ide.mcu.externaltools.gnu-tools-for-stm32.11.3.rel1.win32_1.1.100.202309141235/tools/bin/../lib/gcc/arm-none-eabi/11.3.1/../../../../arm-none-eabi/lib/thumb/v7e-m+dp/hard\libc_nano.a(libc_a-reent.o)
 .ARM.attributes
                0x000000000000067f       0x32 C:/ST/STM32CubeIDE_1.12.1/STM32CubeIDE/plugins/com.st.stm32cube.ide.mcu.externaltools.gnu-tools-for-stm32.11.3.rel1.win32_1.1.100.202309141235/tools/bin/../lib/gcc/arm-none-eabi/11.3.1/../../../../arm-none-eabi/lib/thumb/v7e-m+dp/hard\libc_nano.a(libc_a-impure.o)
 .ARM.attributes
                0x00000000000006b1       0x32 C:/ST/STM32CubeIDE_1.12.1/STM32CubeIDE/plugins/com.st.stm32cube.ide.mcu.externaltools.gnu-tools-for-stm32.11.3.rel1.win32_1.1.100.202309141235/tools/bin/../lib/gcc/arm-none-eabi/11.3.1/../../../../arm-none-eabi/lib/thumb/v7e-m+dp/hard\libc_nano.a(libc_a-sbrkr.o)
 .ARM.attributes
                0x00000000000006e3       0x32 C:/ST/STM32CubeIDE_1.12.1/STM32CubeIDE/plugins/com.st.stm32cube.ide.mcu.externaltools.gnu-tools-for-stm32.11.3.rel1.win32_1.1.100.202309141235/tools/bin/../lib/gcc/arm-none-eabi/11.3.1/../../../../arm-none-eabi/lib/thumb/v7e-m+dp/hard\libc_nano.a(libc_a-errno.o)
 .ARM.attributes
                0x0000000000000715       0x32 C:/ST/STM32CubeIDE_1.12.1/STM32CubeIDE/plugins/com.st.stm32cube.ide.mcu.externaltools.gnu-tools-for-stm32.11.3.rel1.win32_1.1.100.202309141235/tools/bin/../lib/gcc/arm-none-eabi/11.3.1/../../../../arm-none-eabi/lib/thumb/v7e-m+dp/hard\libc_nano.a(libc_a-init.o)
 .ARM.attributes
                0x0000000000000747       0x32 C:/ST/STM32CubeIDE_1.12.1/STM32CubeIDE/plugins/com.st.stm32cube.ide.mcu.externaltools.gnu-tools-for-stm32.11.3.rel1.win32_1.1.100.202309141235/tools/bin/../lib/gcc/arm-none-eabi/11.3.1/../../../../arm-none-eabi/lib/thumb/v7e-m+dp/hard\libc_nano.a(libc_a-lock.o)
 .ARM.attributes
                0x0000000000000779       0x32 C:/ST/STM32CubeIDE_1.12.1/STM32CubeIDE/plugins/com.st.stm32cube.ide.mcu.externaltools.gnu-tools-for-stm32.11.3.rel1.win32_1.1.100.202309141235/tools/bin/../lib/gcc/arm-none-eabi/11.3.1/../../../../arm-none-eabi/lib/thumb/v7e-m+dp/hard\libc_nano.a(libc_a-memcpy-stub.o)
 .ARM.attributes
                0x00000000000007ab       0x32 C:/ST/STM32CubeIDE_1.12.1/STM32CubeIDE/plugins/com.st.stm32cube.ide.mcu.externaltools.gnu-tools-for-stm32.11.3.rel1.win32_1.1.100.202309141235/tools/bin/../lib/gcc/arm-none-eabi/11.3.1/../../../../arm-none-eabi/lib/thumb/v7e-m+dp/hard\libc_nano.a(libc_a-freer.o)
 .ARM.attributes
                0x00000000000007dd       0x1e C:/ST/STM32CubeIDE_1.12.1/STM32CubeIDE/plugins/com.st.stm32cube.ide.mcu.externaltools.gnu-tools-for-stm32.11.3.rel1.win32_1.1.100.202309141235/tools/bin/../lib/gcc/arm-none-eabi/11.3.1/thumb/v7e-m+dp/hard\libgcc.a(_aeabi_uldivmod.o)
 .ARM.attributes
                0x00000000000007fb       0x32 C:/ST/STM32CubeIDE_1.12.1/STM32CubeIDE/plugins/com.st.stm32cube.ide.mcu.externaltools.gnu-tools-for-stm32.11.3.rel1.win32_1.1.100.202309141235/tools/bin/../lib/gcc/arm-none-eabi/11.3.1/thumb/v7e-m+dp/hard\libgcc.a(_udivmoddi4.o)
 .ARM.attributes
                0x000000000000082d       0x1e C:/ST/STM32CubeIDE_1.12.1/STM32CubeIDE/plugins/com.st.stm32cube.ide.mcu.externaltools.gnu-tools-for-stm32.11.3.rel1.win32_1.1.100.202309141235/tools/bin/../lib/gcc/arm-none-eabi/11.3.1/thumb/v7e-m+dp/hard\libgcc.a(_dvmd_tls.o)
 .ARM.attributes
                0x000000000000084b       0x1e C:/ST/STM32CubeIDE_1.12.1/STM32CubeIDE/plugins/com.st.stm32cube.ide.mcu.externaltools.gnu-tools-for-stm32.11.3.rel1.win32_1.1.100.202309141235/tools/bin/../lib/gcc/arm-none-eabi/11.3.1/thumb/v7e-m+dp/hard/crtn.o
OUTPUT(USB_DEVICE_RAM.elf elf32-littlearm)
LOAD linker stubs
LOAD C:/ST/STM32CubeIDE_1.12.1/STM32CubeIDE/plugins/com.st.stm32cube.ide.mcu.externaltools.gnu-tools-for-stm32.11.3.rel1.win32_1.1.100.202309141235/tools/bin/../lib/gcc/arm-none-eabi/11.3.1/../../../../arm-none-eabi/lib/thumb/v7e-m+dp/hard\libc.a
LOAD C:/ST/STM32CubeIDE_1.12.1/STM32CubeIDE/plugins/com.st.stm32cube.ide.mcu.externaltools.gnu-tools-for-stm32.11.3.rel1.win32_1.1.100.202309141235/tools/bin/../lib/gcc/arm-none-eabi/11.3.1/../../../../arm-none-eabi/lib/thumb/v7e-m+dp/hard\libm.a
LOAD C:/ST/STM32CubeIDE_1.12.1/STM32CubeIDE/plugins/com.st.stm32cube.ide.mcu.externaltools.gnu-tools-for-stm32.11.3.rel1.win32_1.1.100.202309141235/tools/bin/../lib/gcc/arm-none-eabi/11.3.1/thumb/v7e-m+dp/hard\libgcc.a

.comment        0x0000000000000000       0x43
 .comment       0x0000000000000000       0x43 C:/ST/STM32CubeIDE_1.12.1/STM32CubeIDE/plugins/com.st.stm32cube.ide.mcu.externaltools.gnu-tools-for-stm32.11.3.rel1.win32_1.1.100.202309141235/tools/bin/../lib/gcc/arm-none-eabi/11.3.1/thumb/v7e-m+dp/hard/crtbegin.o
                                         0x44 (size before relaxing)
 .comment       0x0000000000000043       0x44 ./Core/Src/main.o
 .comment       0x0000000000000043       0x44 ./Core/Src/stm32f7xx_hal_msp.o
 .comment       0x0000000000000043       0x44 ./Core/Src/stm32f7xx_it.o
 .comment       0x0000000000000043       0x44 ./Core/Src/sysmem.o
 .comment       0x0000000000000043       0x44 ./Core/Src/system_stm32f7xx.o
 .comment       0x0000000000000043       0x44 ./Drivers/STM32F7xx_HAL_Driver/Src/stm32f7xx_hal.o
 .comment       0x0000000000000043       0x44 ./Drivers/STM32F7xx_HAL_Driver/Src/stm32f7xx_hal_cortex.o
 .comment       0x0000000000000043       0x44 ./Drivers/STM32F7xx_HAL_Driver/Src/stm32f7xx_hal_gpio.o
 .comment       0x0000000000000043       0x44 ./Drivers/STM32F7xx_HAL_Driver/Src/stm32f7xx_hal_pcd.o
 .comment       0x0000000000000043       0x44 ./Drivers/STM32F7xx_HAL_Driver/Src/stm32f7xx_hal_pcd_ex.o
 .comment       0x0000000000000043       0x44 ./Drivers/STM32F7xx_HAL_Driver/Src/stm32f7xx_hal_pwr_ex.o
 .comment       0x0000000000000043       0x44 ./Drivers/STM32F7xx_HAL_Driver/Src/stm32f7xx_hal_rcc.o
 .comment       0x0000000000000043       0x44 ./Drivers/STM32F7xx_HAL_Driver/Src/stm32f7xx_hal_rcc_ex.o
 .comment       0x0000000000000043       0x44 ./Drivers/STM32F7xx_HAL_Driver/Src/stm32f7xx_ll_usb.o
 .comment       0x0000000000000043       0x44 ./Middlewares/ST/STM32_USB_Device_Library/Class/MSC/Src/usbd_msc.o
 .comment       0x0000000000000043       0x44 ./Middlewares/ST/STM32_USB_Device_Library/Class/MSC/Src/usbd_msc_bot.o
 .comment       0x0000000000000043       0x44 ./Middlewares/ST/STM32_USB_Device_Library/Class/MSC/Src/usbd_msc_data.o
 .comment       0x0000000000000043       0x44 ./Middlewares/ST/STM32_USB_Device_Library/Class/MSC/Src/usbd_msc_scsi.o
 .comment       0x0000000000000043       0x44 ./Middlewares/ST/STM32_USB_Device_Library/Core/Src/usbd_core.o
 .comment       0x0000000000000043       0x44 ./Middlewares/ST/STM32_USB_Device_Library/Core/Src/usbd_ctlreq.o
 .comment       0x0000000000000043       0x44 ./Middlewares/ST/STM32_USB_Device_Library/Core/Src/usbd_ioreq.o
 .comment       0x0000000000000043       0x44 ./USB_DEVICE/App/usb_device.o
 .comment       0x0000000000000043       0x44 ./USB_DEVICE/App/usbd_desc.o
 .comment       0x0000000000000043       0x44 ./USB_DEVICE/App/usbd_storage_if.o
 .comment       0x0000000000000043       0x44 ./USB_DEVICE/Target/usbd_conf.o

.debug_info     0x0000000000000000    0x107a6
 .debug_info    0x0000000000000000      0x65b ./Core/Src/main.o
 .debug_info    0x000000000000065b      0x28d ./Core/Src/stm32f7xx_hal_msp.o
 .debug_info    0x00000000000008e8      0x660 ./Core/Src/stm32f7xx_it.o
 .debug_info    0x0000000000000f48      0x168 ./Core/Src/sysmem.o
 .debug_info    0x00000000000010b0      0x6ed ./Core/Src/system_stm32f7xx.o
 .debug_info    0x000000000000179d       0x23 ./Core/Startup/startup_stm32f767zitx.o
 .debug_info    0x00000000000017c0      0xa4c ./Drivers/STM32F7xx_HAL_Driver/Src/stm32f7xx_hal.o
 .debug_info    0x000000000000220c      0xf8b ./Drivers/STM32F7xx_HAL_Driver/Src/stm32f7xx_hal_cortex.o
 .debug_info    0x0000000000003197      0x6f3 ./Drivers/STM32F7xx_HAL_Driver/Src/stm32f7xx_hal_gpio.o
 .debug_info    0x000000000000388a     0x156c ./Drivers/STM32F7xx_HAL_Driver/Src/stm32f7xx_hal_pcd.o
 .debug_info    0x0000000000004df6      0x78b ./Drivers/STM32F7xx_HAL_Driver/Src/stm32f7xx_hal_pcd_ex.o
 .debug_info    0x0000000000005581      0x8cd ./Drivers/STM32F7xx_HAL_Driver/Src/stm32f7xx_hal_pwr_ex.o
 .debug_info    0x0000000000005e4e      0x937 ./Drivers/STM32F7xx_HAL_Driver/Src/stm32f7xx_hal_rcc.o
 .debug_info    0x0000000000006785      0x6e1 ./Drivers/STM32F7xx_HAL_Driver/Src/stm32f7xx_hal_rcc_ex.o
 .debug_info    0x0000000000006e66     0x19bc ./Drivers/STM32F7xx_HAL_Driver/Src/stm32f7xx_ll_usb.o
 .debug_info    0x0000000000008822      0xdd7 ./Middlewares/ST/STM32_USB_Device_Library/Class/MSC/Src/usbd_msc.o
 .debug_info    0x00000000000095f9      0xc68 ./Middlewares/ST/STM32_USB_Device_Library/Class/MSC/Src/usbd_msc_bot.o
 .debug_info    0x000000000000a261      0x127 ./Middlewares/ST/STM32_USB_Device_Library/Class/MSC/Src/usbd_msc_data.o
 .debug_info    0x000000000000a388     0x11db ./Middlewares/ST/STM32_USB_Device_Library/Class/MSC/Src/usbd_msc_scsi.o
 .debug_info    0x000000000000b563      0xe12 ./Middlewares/ST/STM32_USB_Device_Library/Core/Src/usbd_core.o
 .debug_info    0x000000000000c375      0xaeb ./Middlewares/ST/STM32_USB_Device_Library/Core/Src/usbd_ctlreq.o
 .debug_info    0x000000000000ce60      0x762 ./Middlewares/ST/STM32_USB_Device_Library/Core/Src/usbd_ioreq.o
 .debug_info    0x000000000000d5c2      0x74b ./USB_DEVICE/App/usb_device.o
 .debug_info    0x000000000000dd0d      0x4ba ./USB_DEVICE/App/usbd_desc.o
 .debug_info    0x000000000000e1c7      0x40b ./USB_DEVICE/App/usbd_storage_if.o
 .debug_info    0x000000000000e5d2     0x21d4 ./USB_DEVICE/Target/usbd_conf.o

.debug_abbrev   0x0000000000000000     0x3413
 .debug_abbrev  0x0000000000000000      0x232 ./Core/Src/main.o
 .debug_abbrev  0x0000000000000232       0xd8 ./Core/Src/stm32f7xx_hal_msp.o
 .debug_abbrev  0x000000000000030a      0x1a4 ./Core/Src/stm32f7xx_it.o
 .debug_abbrev  0x00000000000004ae       0xbc ./Core/Src/sysmem.o
 .debug_abbrev  0x000000000000056a      0x13b ./Core/Src/system_stm32f7xx.o
 .debug_abbrev  0x00000000000006a5       0x12 ./Core/Startup/startup_stm32f767zitx.o
 .debug_abbrev  0x00000000000006b7      0x213 ./Drivers/STM32F7xx_HAL_Driver/Src/stm32f7xx_hal.o
 .debug_abbrev  0x00000000000008ca      0x329 ./Drivers/STM32F7xx_HAL_Driver/Src/stm32f7xx_hal_cortex.o
 .debug_abbrev  0x0000000000000bf3      0x1d4 ./Drivers/STM32F7xx_HAL_Driver/Src/stm32f7xx_hal_gpio.o
 .debug_abbrev  0x0000000000000dc7      0x2e7 ./Drivers/STM32F7xx_HAL_Driver/Src/stm32f7xx_hal_pcd.o
 .debug_abbrev  0x00000000000010ae      0x1ca ./Drivers/STM32F7xx_HAL_Driver/Src/stm32f7xx_hal_pcd_ex.o
 .debug_abbrev  0x0000000000001278      0x1d5 ./Drivers/STM32F7xx_HAL_Driver/Src/stm32f7xx_hal_pwr_ex.o
 .debug_abbrev  0x000000000000144d      0x2de ./Drivers/STM32F7xx_HAL_Driver/Src/stm32f7xx_hal_rcc.o
 .debug_abbrev  0x000000000000172b      0x1c9 ./Drivers/STM32F7xx_HAL_Driver/Src/stm32f7xx_hal_rcc_ex.o
 .debug_abbrev  0x00000000000018f4      0x28c ./Drivers/STM32F7xx_HAL_Driver/Src/stm32f7xx_ll_usb.o
 .debug_abbrev  0x0000000000001b80      0x317 ./Middlewares/ST/STM32_USB_Device_Library/Class/MSC/Src/usbd_msc.o
 .debug_abbrev  0x0000000000001e97      0x2dd ./Middlewares/ST/STM32_USB_Device_Library/Class/MSC/Src/usbd_msc_bot.o
 .debug_abbrev  0x0000000000002174       0x6f ./Middlewares/ST/STM32_USB_Device_Library/Class/MSC/Src/usbd_msc_data.o
 .debug_abbrev  0x00000000000021e3      0x316 ./Middlewares/ST/STM32_USB_Device_Library/Class/MSC/Src/usbd_msc_scsi.o
 .debug_abbrev  0x00000000000024f9      0x27c ./Middlewares/ST/STM32_USB_Device_Library/Core/Src/usbd_core.o
 .debug_abbrev  0x0000000000002775      0x26f ./Middlewares/ST/STM32_USB_Device_Library/Core/Src/usbd_ctlreq.o
 .debug_abbrev  0x00000000000029e4      0x19a ./Middlewares/ST/STM32_USB_Device_Library/Core/Src/usbd_ioreq.o
 .debug_abbrev  0x0000000000002b7e      0x194 ./USB_DEVICE/App/usb_device.o
 .debug_abbrev  0x0000000000002d12      0x1e3 ./USB_DEVICE/App/usbd_desc.o
 .debug_abbrev  0x0000000000002ef5      0x1f2 ./USB_DEVICE/App/usbd_storage_if.o
 .debug_abbrev  0x00000000000030e7      0x32c ./USB_DEVICE/Target/usbd_conf.o

.debug_aranges  0x0000000000000000      0xd90
 .debug_aranges
                0x0000000000000000       0x40 ./Core/Src/main.o
 .debug_aranges
                0x0000000000000040       0x20 ./Core/Src/stm32f7xx_hal_msp.o
 .debug_aranges
                0x0000000000000060       0x68 ./Core/Src/stm32f7xx_it.o
 .debug_aranges
                0x00000000000000c8       0x20 ./Core/Src/sysmem.o
 .debug_aranges
                0x00000000000000e8       0x28 ./Core/Src/system_stm32f7xx.o
 .debug_aranges
                0x0000000000000110       0x28 ./Core/Startup/startup_stm32f767zitx.o
 .debug_aranges
                0x0000000000000138      0x110 ./Drivers/STM32F7xx_HAL_Driver/Src/stm32f7xx_hal.o
 .debug_aranges
                0x0000000000000248      0x118 ./Drivers/STM32F7xx_HAL_Driver/Src/stm32f7xx_hal_cortex.o
 .debug_aranges
                0x0000000000000360       0x58 ./Drivers/STM32F7xx_HAL_Driver/Src/stm32f7xx_hal_gpio.o
 .debug_aranges
                0x00000000000003b8      0x148 ./Drivers/STM32F7xx_HAL_Driver/Src/stm32f7xx_hal_pcd.o
 .debug_aranges
                0x0000000000000500       0x48 ./Drivers/STM32F7xx_HAL_Driver/Src/stm32f7xx_hal_pcd_ex.o
 .debug_aranges
                0x0000000000000548       0x80 ./Drivers/STM32F7xx_HAL_Driver/Src/stm32f7xx_hal_pwr_ex.o
 .debug_aranges